Component: ARM Compiler 5.06 update 7 (build 960) Tool: armlink [4d3601]

==============================================================================

Image Symbol Table

    Local Symbols

    Symbol Name                              Value     Ov Type        Size  Object(Section)

    RESET                                    0x00000000   Section      192  startup_hc32l07x.o(RESET)
    ../clib/../cmprslib/zerorunl2.c          0x00000000   Number         0  __dczerorl2.o ABSOLUTE
    ../clib/angel/boardlib.s                 0x00000000   Number         0  boardinit3.o ABSOLUTE
    ../clib/angel/boardlib.s                 0x00000000   Number         0  boardinit2.o ABSOLUTE
    ../clib/angel/boardlib.s                 0x00000000   Number         0  boardshut.o ABSOLUTE
    ../clib/angel/boardlib.s                 0x00000000   Number         0  boardinit1.o ABSOLUTE
    ../clib/angel/handlers.s                 0x00000000   Number         0  __scatter_zi.o ABSOLUTE
    ../clib/angel/kernel.s                   0x00000000   Number         0  __rtentry4.o ABSOLUTE
    ../clib/angel/kernel.s                   0x00000000   Number         0  rtexit.o ABSOLUTE
    ../clib/angel/kernel.s                   0x00000000   Number         0  __rtentry2.o ABSOLUTE
    ../clib/angel/kernel.s                   0x00000000   Number         0  __rtentry.o ABSOLUTE
    ../clib/angel/kernel.s                   0x00000000   Number         0  rtexit2.o ABSOLUTE
    ../clib/angel/rt.s                       0x00000000   Number         0  rt_locale_intlibspace.o ABSOLUTE
    ../clib/angel/rt.s                       0x00000000   Number         0  rt_locale.o ABSOLUTE
    ../clib/angel/rt.s                       0x00000000   Number         0  rt_div0.o ABSOLUTE
    ../clib/angel/rt.s                       0x00000000   Number         0  rt_errno_addr.o ABSOLUTE
    ../clib/angel/rt.s                       0x00000000   Number         0  rt_raise.o ABSOLUTE
    ../clib/angel/rt.s                       0x00000000   Number         0  rt_heap_descriptor.o ABSOLUTE
    ../clib/angel/rt.s                       0x00000000   Number         0  rt_ctype_table.o ABSOLUTE
    ../clib/angel/rt.s                       0x00000000   Number         0  aeabi_idiv0.o ABSOLUTE
    ../clib/angel/rt.s                       0x00000000   Number         0  aeabi_idiv0_sigfpe.o ABSOLUTE
    ../clib/angel/rt.s                       0x00000000   Number         0  rt_heap_descriptor_intlibspace.o ABSOLUTE
    ../clib/angel/rt.s                       0x00000000   Number         0  rt_errno_addr_intlibspace.o ABSOLUTE
    ../clib/angel/scatterp.s                 0x00000000   Number         0  __scatter.o ABSOLUTE
    ../clib/angel/startup.s                  0x00000000   Number         0  __main.o ABSOLUTE
    ../clib/angel/sys.s                      0x00000000   Number         0  tempstk.o ABSOLUTE
    ../clib/angel/sys.s                      0x00000000   Number         0  indicate_semi.o ABSOLUTE
    ../clib/angel/sys.s                      0x00000000   Number         0  libspace.o ABSOLUTE
    ../clib/angel/sys.s                      0x00000000   Number         0  mutex_dummy.o ABSOLUTE
    ../clib/angel/sys.s                      0x00000000   Number         0  use_no_semi.o ABSOLUTE
    ../clib/angel/sys.s                      0x00000000   Number         0  sys_stackheap_outer.o ABSOLUTE
    ../clib/angel/sysapp.c                   0x00000000   Number         0  sys_wrch.o ABSOLUTE
    ../clib/angel/sysapp.c                   0x00000000   Number         0  sys_exit.o ABSOLUTE
    ../clib/angel/sysapp.c                   0x00000000   Number         0  sys_io.o ABSOLUTE
    ../clib/angel/sysapp.c                   0x00000000   Number         0  sys_command.o ABSOLUTE
    ../clib/armsys.c                         0x00000000   Number         0  no_argv.o ABSOLUTE
    ../clib/armsys.c                         0x00000000   Number         0  argv_veneer.o ABSOLUTE
    ../clib/armsys.c                         0x00000000   Number         0  _get_argv_nomalloc.o ABSOLUTE
    ../clib/armsys.c                         0x00000000   Number         0  _get_argv.o ABSOLUTE
    ../clib/assert.c                         0x00000000   Number         0  assert_stdio.o ABSOLUTE
    ../clib/division.c                       0x00000000   Number         0  rtudiv10.o ABSOLUTE
    ../clib/division.s                       0x00000000   Number         0  aeabi_sdiv.o ABSOLUTE
    ../clib/division.s                       0x00000000   Number         0  aeabi_sdiv_div0.o ABSOLUTE
    ../clib/heap1.c                          0x00000000   Number         0  h1_final.o ABSOLUTE
    ../clib/heap1.c                          0x00000000   Number         0  h1_final_mt.o ABSOLUTE
    ../clib/heap1.c                          0x00000000   Number         0  h1_alloc.o ABSOLUTE
    ../clib/heap1.c                          0x00000000   Number         0  h1_init.o ABSOLUTE
[...]
    i.Uart_ReceiveData                       0x00003b1c   Section        0  uart.o(i.Uart_ReceiveData)
    i.Uart_SendDataIt                        0x00003b24   Section        0  uart.o(i.Uart_SendDataIt)
    i.VC0_1_2_LVD_IRQHandler                 0x00003b36   Section        0  interrupts_hc32l07x.o(i.VC0_1_2_LVD_IRQHandler)
    i.WDT_IRQHandler                         0x00003b4a   Section        0  interrupts_hc32l07x.o(i.WDT_IRQHandler)
    i._InitHidePin                           0x00003b54   Section        0  system_hc32l07x.o(i._InitHidePin)
    _InitHidePin                             0x00003b55   Thumb Code    60  system_hc32l07x.o(i._InitHidePin)
    i._SysctrlUnlock                         0x00003b9c   Section        0  sysctrl.o(i._SysctrlUnlock)
    _SysctrlUnlock                           0x00003b9d   Thumb Code    12  sysctrl.o(i._SysctrlUnlock)
    i.__ARM_common_switch8                   0x00003bb4   Section        0  data_process.o(i.__ARM_common_switch8)
    i.__NVIC_SetPriority                     0x00003bd0   Section        0  interrupts_hc32l07x.o(i.__NVIC_SetPriority)
    __NVIC_SetPriority                       0x00003bd1   Thumb Code   110  interrupts_hc32l07x.o(i.__NVIC_SetPriority)
    i._is_digit                              0x00003c48   Section        0  __printf_wp.o(i._is_digit)
    i.alarm_drive                            0x00003c58   Section        0  app_drive.o(i.alarm_drive)
    i.broadcast                              0x00003c78   Section        0  app_csk4002.o(i.broadcast)
    i.calculate_average                      0x00003cb8   Section        0  app_drive.o(i.calculate_average)
    i.calculate_sum                          0x00003d08   Section        0  app_drive.o(i.calculate_sum)
    i.create_packet_read                     0x00003d20   Section        0  app_csk4002.o(i.create_packet_read)
    i.ddl_memclr                             0x00003d7c   Section        0  ddl.o(i.ddl_memclr)
    i.delay10us                              0x00003d9c   Section        0  ddl.o(i.delay10us)
    i.delay1ms                               0x00003df8   Section        0  ddl.o(i.delay1ms)
    i.forceUpdateBackground                  0x00003e50   Section        0  data_process.o(i.forceUpdateBackground)
    i.has_consecutive_zeros                  0x00004070   Section        0  app_drive.o(i.has_consecutive_zeros)
    i.main                                   0x0000409c   Section        0  main.o(i.main)
    i.measurementHandler                     0x00004208   Section        0  data_process.o(i.measurementHandler)
    i.processAlphaBetaData                   0x00004294   Section        0  data_process.o(i.processAlphaBetaData)
    i.processHighPressureData                0x00004320   Section        0  data_process.o(i.processHighPressureData)
    i.selftest_gpio                          0x00004344   Section        0  app_drive.o(i.selftest_gpio)
    i.shift_and_insert                       0x00004390   Section        0  app_drive.o(i.shift_and_insert)
    i.smoothBackgroundValues                 0x000043a8   Section        0  data_process.o(i.smoothBackgroundValues)
    i.trimEndOfString                        0x000044b0   Section        0  app_drive.o(i.trimEndOfString)
    i.updateBackgroundValues                 0x000044dc   Section        0  data_process.o(i.updateBackgroundValues)
    i.validateMessageWithLRC                 0x000046d4   Section        0  app_drive.o(i.validateMessageWithLRC)
    i.waitForMeasurementObjectLeave          0x0000472c   Section        0  data_process.o(i.waitForMeasurementObjectLeave)
    locale$$code                             0x000047b8   Section       44  lc_ctype_c.o(locale$$code)
    x$fpl$fadd                               0x000047e4   Section      140  faddsub.o(x$fpl$fadd)
    _fadd1                                   0x000047f1   Thumb Code     0  faddsub.o(x$fpl$fadd)
    x$fpl$fsub                               0x00004870   Section      208  faddsub.o(x$fpl$fsub)
    _fsub1                                   0x0000487d   Thumb Code     0  faddsub.o(x$fpl$fsub)
    .constdata                               0x00004940   Section      313  app_csk4002.o(.constdata)
    x$fpl$usenofp                            0x00004940   Section        0  usenofp.o(x$fpl$usenofp)
    .constdata                               0x00004a79   Section       80  app_idm40.o(.constdata)
    .constdata                               0x00004ac9   Section       15  app_drive.o(.constdata)
    .constdata                               0x00004ad8   Section       24  sysctrl.o(.constdata)
    .constdata                               0x00004af0   Section        8  uart.o(.constdata)
    .constdata                               0x00004af8   Section       12  lpuart.o(.constdata)
    .constdata                               0x00004b04   Section       17  __printf_flags_wp.o(.constdata)
    maptable                                 0x00004b04   Data          17  __printf_flags_wp.o(.constdata)
    .constdata                               0x00004b15   Section      128  ddiv.o(.constdata)
    ddiv_reciptbl                            0x00004b15   Data         128  ddiv.o(.constdata)
    .constdata                               0x00004b95   Section       64  fdiv.o(.constdata)
    fdiv_tab                                 0x00004b95   Data          64  fdiv.o(.constdata)
    locale$$data                             0x00004bf8   Section      272  lc_ctype_c.o(locale$$data)
    __lcctype_c_name                         0x00004bfc   Data           2  lc_ctype_c.o(locale$$data)
    __lcctype_c_start                        0x00004c04   Data           0  lc_ctype_c.o(locale$$data)
    __lcctype_c_end                          0x00004d08   Data           0  lc_ctype_c.o(locale$$data)
    .data                                    0x20000000   Section        4  system_hc32l07x.o(.data)
    .data                                    0x20000004   Section       22  data_process.o(.data)
    p                                        0x20000004   Data           4  data_process.o(.data)
    once                                     0x20000019   Data           1  data_process.o(.data)
    .data                                    0x2000001a   Section        1  hc32_it.o(.data)
    .data                                    0x2000001c   Section      140  hc32_usart.o(.data)
    .data                                    0x200000a8   Section      112  app_xl2409.o(.data)
    .data                                    0x20000118   Section      282  app_drive.o(.data)
    num                                      0x20000231   Data           1  app_drive.o(.data)
    .bss                                     0x20000234   Section     2600  hc32_usart.o(.bss)
    .bss                                     0x20000c5c   Section    12022  app_drive.o(.bss)
    command                                  0x20003b34   Data          30  app_drive.o(.bss)
    .bss                                     0x20003b54   Section       96  libspace.o(.bss)
    HEAP                                     0x20003bb8   Section      512  startup_hc32l07x.o(HEAP)
    Heap_Mem                                 0x20003bb8   Data         512  startup_hc32l07x.o(HEAP)
    STACK                                    0x20003db8   Section      512  startup_hc32l07x.o(STACK)
    Stack_Mem                                0x20003db8   Data         512  startup_hc32l07x.o(STACK)
    __initial_sp                             0x20003fb8   Data           0  startup_hc32l07x.o(STACK)

    Global Symbols

    Symbol Name                              Value     Ov Type        Size  Object(Section)

    BuildAttributes$$THM_ISAv3M$S$PE$A:L22$X:L11$S22$IEEE1$IW$USESV6$~STKCKD$USESV7$~SHL$OTIME$ROPI$EBA8$UX$STANDARDLIB$REQ8$PRES8$EABIv2 0x00000000   Number         0  anon$$obj.o ABSOLUTE
    __ARM_use_no_argv                        0x00000000   Number         0  main.o ABSOLUTE
    __Vectors                                0x00000000   Data           0  startup_hc32l07x.o(RESET)
    _printf_flags                            0x00000000   Number         0  printf_stubs.o ABSOLUTE
    _printf_return_value                     0x00000000   Number         0  printf_stubs.o ABSOLUTE
    _printf_sizespec                         0x00000000   Number         0  printf_stubs.o ABSOLUTE
    _printf_widthprec                        0x00000000   Number         0  printf_stubs.o ABSOLUTE
    Adc_IRQHandler                            - Undefined Weak Reference
    Can_IRQHandler                            - Undefined Weak Reference
    ClkTrim_IRQHandler                        - Undefined Weak Reference
    Cts_IRQHandler                            - Undefined Weak Reference
    Dac_IRQHandler                            - Undefined Weak Reference
    Dmac_IRQHandler                           - Undefined Weak Reference
    Flash_IRQHandler                          - Undefined Weak Reference
    I2c0_IRQHandler                           - Undefined Weak Reference
    I2c1_IRQHandler                           - Undefined Weak Reference
    I2s0_IRQHandler                           - Undefined Weak Reference
    I2s1_IRQHandler                           - Undefined Weak Reference
    Lcd_IRQHandler                            - Undefined Weak Reference
    Lvd_IRQHandler                            - Undefined Weak Reference
    Pca_IRQHandler                            - Undefined Weak Reference
    Pcnt_IRQHandler                           - Undefined Weak Reference
    PortA_IRQHandler                          - Undefined Weak Reference
    PortB_IRQHandler                          - Undefined Weak Reference
    PortC_IRQHandler                          - Undefined Weak Reference
    PortD_IRQHandler                          - Undefined Weak Reference
    PortE_IRQHandler                          - Undefined Weak Reference
    PortF_IRQHandler                          - Undefined Weak Reference
    Ram_IRQHandler                            - Undefined Weak Reference
    Spi0_IRQHandler                           - Undefined Weak Reference
    Spi1_IRQHandler                           - Undefined Weak Reference
    SysTick_IRQHandler                        - Undefined Weak Reference
    Tim0_IRQHandler                           - Undefined Weak Reference
    Tim1_IRQHandler                           - Undefined Weak Reference
    Tim2_IRQHandler                           - Undefined Weak Reference
    Tim3_IRQHandler                           - Undefined Weak Reference
    Tim4_IRQHandler                           - Undefined Weak Reference
    Tim6_IRQHandler                           - Undefined Weak Reference
    Usbfs_IRQHandler                          - Undefined Weak Reference
    Vc0_IRQHandler                            - Undefined Weak Reference
    Vc1_IRQHandler                            - Undefined Weak Reference
    Vc2_IRQHandler                            - Undefined Weak Reference
    Wdt_IRQHandler                            - Undefined Weak Reference
    __ARM_exceptions_init                     - Undefined Weak Reference
    __alloca_initialize                       - Undefined Weak Reference
    __arm_fini_                               - Undefined Weak Reference
    __arm_preinit_                            - Undefined Weak Reference
    __cpp_initialize__aeabi_                  - Undefined Weak Reference
    __cxa_finalize                            - Undefined Weak Reference
    __sigvec_lookup                           - Undefined Weak Reference
    __user_heap_extent                        - Undefined Weak Reference
    _atexit_init                              - Undefined Weak Reference
    _call_atexit_fns                          - Undefined Weak Reference
    _clock_init                               - Undefined Weak Reference
    _fp_trap_init                             - Undefined Weak Reference
    _fp_trap_shutdown                         - Undefined Weak Reference
    _get_lc_collate                           - Undefined Weak Reference
    _get_lc_monetary                          - Undefined Weak Reference
    _get_lc_numeric                           - Undefined Weak Reference
    _get_lc_time                              - Undefined Weak Reference
    _getenv_init                              - Undefined Weak Reference
    _handle_redirection                       - Undefined Weak Reference
    _mutex_acquire                            - Undefined Weak Reference
    _mutex_free                               - Undefined Weak Reference
    _mutex_release                            - Undefined Weak Reference
    _printf_mbtowc                            - Undefined Weak Reference
    _printf_truncate_signed                   - Undefined Weak Reference
    _printf_truncate_unsigned                 - Undefined Weak Reference
    _rand_init                                - Undefined Weak Reference
    _signal_finish                            - Undefined Weak Reference
    _signal_init                              - Undefined Weak Reference
    __Vectors_End                            0x000000c0   Data           0  startup_hc32l07x.o(RESET)
    __Vectors_Size                           0x000000c0   Number         0  startup_hc32l07x.o ABSOLUTE
    __main                                   0x000000c1   Thumb Code     8  __main.o(!!!main)
    __scatterload                            0x000000c9   Thumb Code     0  __scatter.o(!!!scatter)
    __scatterload_rt2                        0x000000c9   Thumb Code    52  __scatter.o(!!!scatter)
    __scatterload_rt2_thumb_only             0x000000c9   Thumb Code     0  __scatter.o(!!!scatter)
    __scatterload_null                       0x000000d9   Thumb Code     0  __scatter.o(!!!scatter)
    __scatterload_zeroinit                   0x00000105   Thumb Code    28  __scatter_zi.o(!!handler_zi)
    _printf_percent                          0x00000121   Thumb Code     0  _printf_percent.o(.ARM.Collect$$_printf_percent$$00000000)
    _printf_d                                0x00000123   Thumb Code     0  _printf_d.o(.ARM.Collect$$_printf_percent$$00000009)
    _printf_percent_end                      0x0000012d   Thumb Code     0  _printf_percent_end.o(.ARM.Collect$$_printf_percent$$00000017)
    __rt_lib_init                            0x00000131   Thumb Code     0  libinit.o(.ARM.Collect$$libinit$$00000000)
    __rt_lib_init_fp_1                       0x00000133   Thumb Code     0  libinit2.o(.ARM.Collect$$libinit$$00000002)
    __rt_lib_init_heap_1                     0x00000133   Thumb Code     0  libinit2.o(.ARM.Collect$$libinit$$0000000A)
    __rt_lib_init_lc_common                  0x00000133   Thumb Code     0  libinit2.o(.ARM.Collect$$libinit$$0000000F)
    __rt_lib_init_preinit_1                  0x00000133   Thumb Code     0  libinit2.o(.ARM.Collect$$libinit$$00000004)
    __rt_lib_init_rand_1                     0x00000133   Thumb Code     0  libinit2.o(.ARM.Collect$$libinit$$0000000E)
    __rt_lib_init_user_alloc_1               0x00000133   Thumb Code     0  libinit2.o(.ARM.Collect$$libinit$$0000000C)
    __rt_lib_init_lc_collate_1               0x00000139   Thumb Code     0  libinit2.o(.ARM.Collect$$libinit$$00000011)
    __rt_lib_init_lc_ctype_2                 0x00000139   Thumb Code     0  libinit2.o(.ARM.Collect$$libinit$$00000012)
    __rt_lib_init_alloca_1                   0x00000145   Thumb Code     0  libinit2.o(.ARM.Collect$$libinit$$0000002E)
    __rt_lib_init_argv_1                     0x00000145   Thumb Code     0  libinit2.o(.ARM.Collect$$libinit$$0000002C)
    __rt_lib_init_atexit_1                   0x00000145   Thumb Code     0  libinit2.o(.ARM.Collect$$libinit$$0000001B)
    __rt_lib_init_clock_1                    0x00000145   Thumb Code     0  libinit2.o(.ARM.Collect$$libinit$$00000021)
    __rt_lib_init_cpp_1                      0x00000145   Thumb Code     0  libinit2.o(.ARM.Collect$$libinit$$00000032)
    __rt_lib_init_exceptions_1               0x00000145   Thumb Code     0  libinit2.o(.ARM.Collect$$libinit$$00000030)
    __rt_lib_init_fp_trap_1                  0x00000145   Thumb Code     0  libinit2.o(.ARM.Collect$$libinit$$0000001F)
    __rt_lib_init_getenv_1                   0x00000145   Thumb Code     0  libinit2.o(.ARM.Collect$$libinit$$00000023)
    __rt_lib_init_lc_ctype_1                 0x00000145   Thumb Code     0  libinit2.o(.ARM.Collect$$libinit$$00000013)
    __rt_lib_init_lc_monetary_1              0x00000145   Thumb Code     0  libinit2.o(.ARM.Collect$$libinit$$00000015)
    __rt_lib_init_lc_numeric_1               0x00000145   Thumb Code     0  libinit2.o(.ARM.Collect$$libinit$$00000017)
    __rt_lib_init_lc_time_1                  0x00000145   Thumb Code     0  libinit2.o(.ARM.Collect$$libinit$$00000019)
    __rt_lib_init_return                     0x00000145   Thumb Code     0  libinit2.o(.ARM.Collect$$libinit$$00000033)
    __rt_lib_init_signal_1                   0x00000145   Thumb Code     0  libinit2.o(.ARM.Collect$$libinit$$0000001D)
    __rt_lib_init_stdio_1                    0x00000145   Thumb Code     0  libinit2.o(.ARM.Collect$$libinit$$00000025)
    __rt_lib_shutdown                        0x00000147   Thumb Code     0  libshutdown.o(.ARM.Collect$$libshutdown$$00000000)
    __rt_lib_shutdown_cpp_1                  0x00000149   Thumb Code     0  libshutdown2.o(.ARM.Collect$$libshutdown$$00000004)
    __rt_lib_shutdown_fini_1                 0x00000149   Thumb Code     0  libshutdown2.o(.ARM.Collect$$libshutdown$$00000002)
    __rt_lib_shutdown_fp_trap_1              0x00000149   Thumb Code     0  libshutdown2.o(.ARM.Collect$$libshutdown$$00000009)
    __rt_lib_shutdown_heap_1                 0x00000149   Thumb Code     0  libshutdown2.o(.ARM.Collect$$libshutdown$$00000011)
    __rt_lib_shutdown_return                 0x00000149   Thumb Code     0  libshutdown2.o(.ARM.Collect$$libshutdown$$00000012)
    __rt_lib_shutdown_signal_1               0x00000149   Thumb Code     0  libshutdown2.o(.ARM.Collect$$libshutdown$$0000000C)
    __rt_lib_shutdown_stdio_1                0x00000149   Thumb Code     0  libshutdown2.o(.ARM.Collect$$libshutdown$$00000006)
    __rt_lib_shutdown_user_alloc_1           0x00000149   Thumb Code     0  libshutdown2.o(.ARM.Collect$$libshutdown$$0000000E)
    __rt_entry                               0x0000014b   Thumb Code     0  __rtentry.o(.ARM.Collect$$rtentry$$00000000)
    __rt_entry_presh_1                       0x0000014b   Thumb Code     0  __rtentry2.o(.ARM.Collect$$rtentry$$00000002)
    __rt_entry_sh                            0x0000014b   Thumb Code     0  __rtentry4.o(.ARM.Collect$$rtentry$$00000004)
    __rt_entry_li                            0x00000151   Thumb Code     0  __rtentry2.o(.ARM.Collect$$rtentry$$0000000A)
    __rt_entry_postsh_1                      0x00000151   Thumb Code     0  __rtentry2.o(.ARM.Collect$$rtentry$$00000009)
    __rt_entry_main                          0x00000155   Thumb Code     0  __rtentry2.o(.ARM.Collect$$rtentry$$0000000D)
    __rt_entry_postli_1                      0x00000155   Thumb Code     0  __rtentry2.o(.ARM.Collect$$rtentry$$0000000C)
    __rt_exit                                0x0000015d   Thumb Code     0  rtexit.o(.ARM.Collect$$rtexit$$00000000)
    __rt_exit_ls                             0x0000015f   Thumb Code     0  rtexit2.o(.ARM.Collect$$rtexit$$00000003)
    __rt_exit_prels_1                        0x0000015f   Thumb Code     0  rtexit2.o(.ARM.Collect$$rtexit$$00000002)
    __rt_exit_exit                           0x00000163   Thumb Code     0  rtexit2.o(.ARM.Collect$$rtexit$$00000004)
    __aeabi_memcpy4                          0x00000169   Thumb Code    56  rt_memcpy.o(.emb_text)
    __aeabi_memcpy8                          0x00000169   Thumb Code     0  rt_memcpy.o(.emb_text)
    Reset_Handler                            0x000001a1   Thumb Code    26  startup_hc32l07x.o(.text)
    NMI_Handler                              0x000001bb   Thumb Code     2  startup_hc32l07x.o(.text)
    SVC_Handler                              0x000001bf   Thumb Code     2  startup_hc32l07x.o(.text)
    PendSV_Handler                           0x000001c1   Thumb Code     2  startup_hc32l07x.o(.text)
    __user_initial_stackheap                 0x000001c9   Thumb Code     0  startup_hc32l07x.o(.text)
    __2snprintf                              0x000001f9   Thumb Code    50  noretval__2snprintf.o(.text)
    _printf_int_dec                          0x00000231   Thumb Code    90  _printf_dec.o(.text)
    __printf                                 0x0000029d   Thumb Code   306  __printf_flags_wp.o(.text)
    strtol                                   0x000003d5   Thumb Code   108  strtol.o(.text)
    strchr                                   0x00000445   Thumb Code    20  strchr.o(.text)
    strlen                                   0x00000459   Thumb Code    62  strlen.o(.text)
    __aeabi_memcpy                           0x0000049d   Thumb Code   130  rt_memcpy.o(.text)
    __rt_memcpy                              0x0000049d   Thumb Code     0  rt_memcpy.o(.text)
    __aeabi_memmove4                         0x0000051f   Thumb Code    70  rt_memmove.o(.text)
    __aeabi_memmove8                         0x0000051f   Thumb Code     0  rt_memmove.o(.text)
    __aeabi_memmove                          0x00000565   Thumb Code    80  rt_memmove.o(.text)
    __rt_memmove                             0x00000565   Thumb Code     0  rt_memmove.o(.text)
    _memset_w                                0x000005b5   Thumb Code    26  rt_memclr.o(.text)
    _memset                                  0x000005cf   Thumb Code    30  rt_memclr.o(.text)
    __aeabi_memclr                           0x000005ed   Thumb Code     4  rt_memclr.o(.text)
    __rt_memclr                              0x000005ed   Thumb Code     0  rt_memclr.o(.text)
    __aeabi_memclr4                          0x000005f1   Thumb Code     0  rt_memclr.o(.text)
    __aeabi_memclr8                          0x000005f1   Thumb Code     0  rt_memclr.o(.text)
    __rt_memclr_w                            0x000005f1   Thumb Code     4  rt_memclr.o(.text)
    __aeabi_uidiv                            0x000005f5   Thumb Code     0  aeabi_sdiv.o(.text)
    __aeabi_uidivmod                         0x000005f5   Thumb Code    20  aeabi_sdiv.o(.text)
    __aeabi_idiv                             0x00000609   Thumb Code     0  aeabi_sdiv.o(.text)
    __aeabi_idivmod                          0x00000609   Thumb Code   326  aeabi_sdiv.o(.text)
    __use_two_region_memory                  0x0000074f   Thumb Code     2  heapauxi.o(.text)
    __rt_heap_escrow                         0x00000751   Thumb Code     2  heapauxi.o(.text)
    __rt_heap_expand                         0x00000753   Thumb Code     2  heapauxi.o(.text)
    __aeabi_d2f                              0x00000755   Thumb Code     0  d2f.o(.text)
    _d2f                                     0x00000755   Thumb Code   120  d2f.o(.text)
    __aeabi_ddiv                             0x000007d1   Thumb Code     0  ddiv.o(.text)
    _ddiv                                    0x000007d1   Thumb Code  1072  ddiv.o(.text)
    _drdiv                                   0x00000c01   Thumb Code    20  ddiv.o(.text)
    __aeabi_i2d_normalise                    0x00000c19   Thumb Code    66  dflti.o(.text)
    __aeabi_i2d                              0x00000c5b   Thumb Code    16  dflti.o(.text)
    _dflt                                    0x00000c5b   Thumb Code     0  dflti.o(.text)
    __aeabi_ui2d                             0x00000c6b   Thumb Code     6  dflti.o(.text)
    _dfltu                                   0x00000c6b   Thumb Code     0  dflti.o(.text)
    __aeabi_fdiv                             0x00000c71   Thumb Code     0  fdiv.o(.text)
    _fdiv                                    0x00000c71   Thumb Code   334  fdiv.o(.text)
    _frdiv                                   0x00000dbf   Thumb Code     8  fdiv.o(.text)
    __aeabi_f2uiz                            0x00000dd1   Thumb Code     0  ffixui.o(.text)
    _ffixu                                   0x00000dd1   Thumb Code    48  ffixui.o(.text)
    __aeabi_i2f_normalise                    0x00000e01   Thumb Code    72  fflti.o(.text)
    __aeabi_i2f                              0x00000e49   Thumb Code    16  fflti.o(.text)
    _fflt                                    0x00000e49   Thumb Code     0  fflti.o(.text)
    __aeabi_ui2f                             0x00000e59   Thumb Code     6  fflti.o(.text)
    _ffltu                                   0x00000e59   Thumb Code     0  fflti.o(.text)
    __rt_ctype_table                         0x00000e61   Thumb Code    16  rt_ctype_table.o(.text)
    __aeabi_errno_addr                       0x00000e71   Thumb Code     8  rt_errno_addr_intlibspace.o(.text)
    __errno$intlibspace                      0x00000e71   Thumb Code     0  rt_errno_addr_intlibspace.o(.text)
    __rt_errno_addr$intlibspace              0x00000e71   Thumb Code     0  rt_errno_addr_intlibspace.o(.text)
    _printf_int_common                       0x00000e79   Thumb Code   176  _printf_intcommon.o(.text)
    _printf_char_common                      0x00000f33   Thumb Code    32  _printf_char_common.o(.text)
    _sputc                                   0x00000f59   Thumb Code    10  _sputc.o(.text)
    _snputc                                  0x00000f63   Thumb Code    16  _snputc.o(.text)
    _strtoul                                 0x00000f73   Thumb Code   166  _strtoul.o(.text)
    __rt_udiv10                              0x00001019   Thumb Code    40  rtudiv10.o(.text)
    __user_libspace                          0x00001041   Thumb Code     8  libspace.o(.text)
    __user_perproc_libspace                  0x00001041   Thumb Code     0  libspace.o(.text)
    __user_perthread_libspace                0x00001041   Thumb Code     0  libspace.o(.text)
    __rt_locale                              0x00001049   Thumb Code     8  rt_locale_intlibspace.o(.text)
    _chval                                   0x00001051   Thumb Code    30  _chval.o(.text)
    __user_setup_stackheap                   0x0000106f   Thumb Code    62  sys_stackheap_outer.o(.text)
    exit                                     0x000010ad   Thumb Code    16  exit.o(.text)
    strcmp                                   0x000010bd   Thumb Code   132  strcmp.o(.text)
    __I$use$semihosting                      0x00001145   Thumb Code     0  use_no_semi.o(.text)
    __use_no_semihosting_swi                 0x00001145   Thumb Code     2  use_no_semi.o(.text)
    __semihosting_library_function           0x00001147   Thumb Code     0  indicate_semi.o(.text)
    _sys_exit                                0x00001149   Thumb Code     8  sys_exit.o(.text)
    __decompress                             0x00001155   Thumb Code     0  __dczerorl2.o(.text)
    __decompress1                            0x00001155   Thumb Code    86  __dczerorl2.o(.text)
    main                                     0x000011ab   Thumb Code    14  system_hc32l07x.o(i.$Sub$$main)
    ADC_DAC_IRQHandler                       0x000011b9   Thumb Code    12  interrupts_hc32l07x.o(i.ADC_DAC_IRQHandler)
    Adt_CfgIrq                               0x000011c5   Thumb Code    36  adt.o(i.Adt_CfgIrq)
    Adt_ClearAllIrqFlag                      0x000011e9   Thumb Code    14  adt.o(i.Adt_ClearAllIrqFlag)
    Adt_ClearCount                           0x000011f7   Thumb Code    14  adt.o(i.Adt_ClearCount)
    Adt_ClearIrqFlag                         0x00001205   Thumb Code    18  adt.o(i.Adt_ClearIrqFlag)
    Adt_GetCount                             0x00001217   Thumb Code     8  adt.o(i.Adt_GetCount)
    Adt_GetIrqFlag                           0x0000121f   Thumb Code    20  adt.o(i.Adt_GetIrqFlag)
    Adt_Init                                 0x00001233   Thumb Code    84  adt.o(i.Adt_Init)
    Adt_SetPeriod                            0x00001287   Thumb Code     8  adt.o(i.Adt_SetPeriod)
    Adt_StartCount                           0x0000128f   Thumb Code    16  adt.o(i.Adt_StartCount)
    App_AdvTimerOvfUdfIrq                    0x000012a1   Thumb Code    90  hc32_it.o(i.App_AdvTimerOvfUdfIrq)
    App_LED_init                             0x00001305   Thumb Code    44  app_led.o(i.App_LED_init)
    App_LpUartCfg                            0x00001331   Thumb Code   192  hc32_it.o(i.App_LpUartCfg)
    App_LpUartPortCfg                        0x000013f9   Thumb Code   152  hc32_it.o(i.App_LpUartPortCfg)
    App_PortInit                             0x00001491   Thumb Code   262  hc32_it.o(i.App_PortInit)
    App_SysClkInit                           0x00001597   Thumb Code    28  hc32_it.o(i.App_SysClkInit)
    App_UartCfg                              0x000015b5   Thumb Code   362  hc32_it.o(i.App_UartCfg)
    App_alarm_init                           0x0000172d   Thumb Code    54  app_led.o(i.App_alarm_init)
    App_clothes_init                         0x00001763   Thumb Code    92  app_led.o(i.App_clothes_init)
    CAN_IRQHandler                           0x000017bf   Thumb Code     8  interrupts_hc32l07x.o(i.CAN_IRQHandler)
    CLKTRIM_CTS_IRQHandler                   0x000017c7   Thumb Code    12  interrupts_hc32l07x.o(i.CLKTRIM_CTS_IRQHandler)
    DMAC_IRQHandler                          0x000017d3   Thumb Code     8  interrupts_hc32l07x.o(i.DMAC_IRQHandler)
    Drive_Init                               0x000017dd   Thumb Code    74  app_drive.o(i.Drive_Init)
    EnableNvic                               0x00001849   Thumb Code   104  interrupts_hc32l07x.o(i.EnableNvic)
    FLASH_RAM_IRQHandler                     0x000018b9   Thumb Code    12  interrupts_hc32l07x.o(i.FLASH_RAM_IRQHandler)
    GetBit                                   0x000018c5   Thumb Code    12  ddl.o(i.GetBit)
    Gpio_ClrIO                               0x000018d1   Thumb Code    22  gpio.o(i.Gpio_ClrIO)
    Gpio_GetInputIO                          0x000018ed   Thumb Code    18  gpio.o(i.Gpio_GetInputIO)
    Gpio_Init                                0x00001905   Thumb Code   144  gpio.o(i.Gpio_Init)
    Gpio_ReadOutputIO                        0x000019a1   Thumb Code    18  gpio.o(i.Gpio_ReadOutputIO)
    Gpio_SetAfMode                           0x000019b9   Thumb Code    16  gpio.o(i.Gpio_SetAfMode)
    Gpio_SetIO                               0x000019cd   Thumb Code    22  gpio.o(i.Gpio_SetIO)
    Gpio_WriteOutputIO                       0x000019e9   Thumb Code    24  gpio.o(i.Gpio_WriteOutputIO)
    HardFault_Handler                        0x00001a05   Thumb Code    16  interrupts_hc32l07x.o(i.HardFault_Handler)
    I2C0_IRQHandler                          0x00001a15   Thumb Code     8  interrupts_hc32l07x.o(i.I2C0_IRQHandler)
    I2C1_IRQHandler                          0x00001a1d   Thumb Code     8  interrupts_hc32l07x.o(i.I2C1_IRQHandler)
    LCD_IRQHandler                           0x00001a25   Thumb Code     8  interrupts_hc32l07x.o(i.LCD_IRQHandler)
    LPTIM0_1_IRQHandler                      0x00001a2d   Thumb Code    12  interrupts_hc32l07x.o(i.LPTIM0_1_IRQHandler)
    LPUART0_IRQHandler                       0x00001a39   Thumb Code     8  interrupts_hc32l07x.o(i.LPUART0_IRQHandler)
    LPUART1_IRQHandler                       0x00001a41   Thumb Code     8  interrupts_hc32l07x.o(i.LPUART1_IRQHandler)
    LPUart_ClrStatus                         0x00001a49   Thumb Code    22  lpuart.o(i.LPUart_ClrStatus)
    LPUart_EnableFunc                        0x00001a5f   Thumb Code    20  lpuart.o(i.LPUart_EnableFunc)
    LPUart_EnableIrq                         0x00001a73   Thumb Code    20  lpuart.o(i.LPUart_EnableIrq)
    LPUart_GetStatus                         0x00001a87   Thumb Code    24  lpuart.o(i.LPUart_GetStatus)
    LPUart_Init                              0x00001aa1   Thumb Code   148  lpuart.o(i.LPUart_Init)
    LPUart_ReceiveData                       0x00001b39   Thumb Code     8  lpuart.o(i.LPUart_ReceiveData)
    LPUart_SendDataIt                        0x00001b41   Thumb Code    18  lpuart.o(i.LPUart_SendDataIt)
    LP_Uart0_RevDataProcess                  0x00001b55   Thumb Code   220  data_process.o(i.LP_Uart0_RevDataProcess)
    LpTim0_IRQHandler                        0x00001c45   Thumb Code    30  hc32_usart.o(i.LpTim0_IRQHandler)
    LpTim1_IRQHandler                        0x00001c6d   Thumb Code    30  hc32_usart.o(i.LpTim1_IRQHandler)
    LpUart0_IRQHandler                       0x00001c95   Thumb Code   174  hc32_usart.o(i.LpUart0_IRQHandler)
    LpUart1_IRQHandler                       0x00001d69   Thumb Code   126  hc32_usart.o(i.LpUart1_IRQHandler)
    Lp_Uart0_SendData                        0x00001e09   Thumb Code   194  data_process.o(i.Lp_Uart0_SendData)
    Lptim_ClrItStatus                        0x00001ef5   Thumb Code    18  lptim.o(i.Lptim_ClrItStatus)
    Lptim_GetItStatus                        0x00001f07   Thumb Code    16  lptim.o(i.Lptim_GetItStatus)
    PCA_IRQHandler                           0x00001f17   Thumb Code     8  interrupts_hc32l07x.o(i.PCA_IRQHandler)
    PCNT_IRQHandler                          0x00001f1f   Thumb Code     8  interrupts_hc32l07x.o(i.PCNT_IRQHandler)
    PORTA_IRQHandler                         0x00001f27   Thumb Code     8  interrupts_hc32l07x.o(i.PORTA_IRQHandler)
    PORTB_IRQHandler                         0x00001f2f   Thumb Code     8  interrupts_hc32l07x.o(i.PORTB_IRQHandler)
    PORTC_E_IRQHandler                       0x00001f37   Thumb Code    12  interrupts_hc32l07x.o(i.PORTC_E_IRQHandler)
    PORTD_F_IRQHandler                       0x00001f43   Thumb Code    12  interrupts_hc32l07x.o(i.PORTD_F_IRQHandler)
    RTC_IRQHandler                           0x00001f4f   Thumb Code     8  interrupts_hc32l07x.o(i.RTC_IRQHandler)
    Rtc_ClearPrdfItStatus                    0x00001f59   Thumb Code    14  rtc.o(i.Rtc_ClearPrdfItStatus)
    Rtc_GetPridItStatus                      0x00001f6d   Thumb Code    12  rtc.o(i.Rtc_GetPridItStatus)
    Rtc_IRQHandler                           0x00001f7d   Thumb Code    20  hc32_it.o(i.Rtc_IRQHandler)
    SPI0_I2S0_IRQHandler                     0x00001f95   Thumb Code    12  interrupts_hc32l07x.o(i.SPI0_I2S0_IRQHandler)
    SPI1_I2S1_IRQHandler                     0x00001fa1   Thumb Code    12  interrupts_hc32l07x.o(i.SPI1_I2S1_IRQHandler)
    Self_broadcast                           0x00001fad   Thumb Code    88  app_drive.o(i.Self_broadcast)
    Self_test                                0x0000200d   Thumb Code   664  app_drive.o(i.Self_test)
    SetBit                                   0x000022e5   Thumb Code    30  ddl.o(i.SetBit)
    SysTick_Handler                          0x00002303   Thumb Code     8  interrupts_hc32l07x.o(i.SysTick_Handler)
    Sysctrl_ClkInit                          0x0000230b   Thumb Code   106  sysctrl.o(i.Sysctrl_ClkInit)
    Sysctrl_ClkSourceEnable                  0x00002375   Thumb Code   418  sysctrl.o(i.Sysctrl_ClkSourceEnable)
    Sysctrl_GetHClkFreq                      0x00002529   Thumb Code   354  sysctrl.o(i.Sysctrl_GetHClkFreq)
    Sysctrl_GetPClkFreq                      0x0000269d   Thumb Code    28  sysctrl.o(i.Sysctrl_GetPClkFreq)
    Sysctrl_SetHCLKDiv                       0x000026bd   Thumb Code    36  sysctrl.o(i.Sysctrl_SetHCLKDiv)
    Sysctrl_SetPCLKDiv                       0x000026e5   Thumb Code    36  sysctrl.o(i.Sysctrl_SetPCLKDiv)
    Sysctrl_SetPLLStableTime                 0x0000270d   Thumb Code    32  sysctrl.o(i.Sysctrl_SetPLLStableTime)
    Sysctrl_SetPeripheralGate                0x00002731   Thumb Code    50  sysctrl.o(i.Sysctrl_SetPeripheralGate)
    Sysctrl_SetRCLStableTime                 0x00002769   Thumb Code    32  sysctrl.o(i.Sysctrl_SetRCLStableTime)
    Sysctrl_SetXTHStableTime                 0x0000278d   Thumb Code    28  sysctrl.o(i.Sysctrl_SetXTHStableTime)
    Sysctrl_SetXTLStableTime                 0x000027ad   Thumb Code    28  sysctrl.o(i.Sysctrl_SetXTLStableTime)
    Sysctrl_SysClkSwitch                     0x000027cd   Thumb Code    40  sysctrl.o(i.Sysctrl_SysClkSwitch)
    Sysctrl_XTHDriverCfg                     0x000027f9   Thumb Code    24  sysctrl.o(i.Sysctrl_XTHDriverCfg)
    Sysctrl_XTLDriverCfg                     0x00002815   Thumb Code    46  sysctrl.o(i.Sysctrl_XTLDriverCfg)
    SystemCoreClockUpdate                    0x00002849   Thumb Code    12  system_hc32l07x.o(i.SystemCoreClockUpdate)
    SystemInit                               0x00002859   Thumb Code    56  system_hc32l07x.o(i.SystemInit)
    TIM0_IRQHandler                          0x00002899   Thumb Code     8  interrupts_hc32l07x.o(i.TIM0_IRQHandler)
    TIM1_IRQHandler                          0x000028a1   Thumb Code     8  interrupts_hc32l07x.o(i.TIM1_IRQHandler)
    TIM2_IRQHandler                          0x000028a9   Thumb Code     8  interrupts_hc32l07x.o(i.TIM2_IRQHandler)
    TIM3_IRQHandler                          0x000028b1   Thumb Code     8  interrupts_hc32l07x.o(i.TIM3_IRQHandler)
    TIM4_IRQHandler                          0x000028b9   Thumb Code     8  interrupts_hc32l07x.o(i.TIM4_IRQHandler)
    TIM5_IRQHandler                          0x000028c1   Thumb Code     8  interrupts_hc32l07x.o(i.TIM5_IRQHandler)
    TIM6_IRQHandler                          0x000028c9   Thumb Code     8  interrupts_hc32l07x.o(i.TIM6_IRQHandler)
    Tim5_IRQHandler                          0x000028d1   Thumb Code  1192  hc32_usart.o(i.Tim5_IRQHandler)
    UART0_2_IRQHandler                       0x00002d7d   Thumb Code    12  interrupts_hc32l07x.o(i.UART0_2_IRQHandler)
    UART1_3_IRQHandler                       0x00002d89   Thumb Code    12  interrupts_hc32l07x.o(i.UART1_3_IRQHandler)
    USBFS_IRQHandler                         0x00002d95   Thumb Code     8  interrupts_hc32l07x.o(i.USBFS_IRQHandler)
    Uart0_IRQHandler                         0x00002d9d   Thumb Code   134  hc32_usart.o(i.Uart0_IRQHandler)
    Uart0_SendData                           0x00002e41   Thumb Code   124  data_process.o(i.Uart0_SendData)
    Uart1_IRQHandler                         0x00002ed9   Thumb Code   174  hc32_usart.o(i.Uart1_IRQHandler)
    Uart1_RevDataProcess                     0x00002fa9   Thumb Code   216  data_process.o(i.Uart1_RevDataProcess)
    Uart1_SendData                           0x00003095   Thumb Code   194  data_process.o(i.Uart1_SendData)
    Uart2_IRQHandler                         0x00003181   Thumb Code   130  hc32_usart.o(i.Uart2_IRQHandler)
    Uart2_SendData                           0x00003229   Thumb Code  1454  data_process.o(i.Uart2_SendData)
    Uart3_IRQHandler                         0x000037f1   Thumb Code   134  hc32_usart.o(i.Uart3_IRQHandler)
    Uart3_SendData                           0x00003899   Thumb Code   332  data_process.o(i.Uart3_SendData)
    Uart_ClrStatus                           0x00003a31   Thumb Code    22  uart.o(i.Uart_ClrStatus)
    Uart_EnableFunc                          0x00003a47   Thumb Code    20  uart.o(i.Uart_EnableFunc)
    Uart_EnableIrq                           0x00003a5b   Thumb Code    20  uart.o(i.Uart_EnableIrq)
    Uart_GetStatus                           0x00003a6f   Thumb Code    24  uart.o(i.Uart_GetStatus)
    Uart_Init                                0x00003a89   Thumb Code   144  uart.o(i.Uart_Init)
    Uart_ReceiveData                         0x00003b1d   Thumb Code     8  uart.o(i.Uart_ReceiveData)
    Uart_SendDataIt                          0x00003b25   Thumb Code    18  uart.o(i.Uart_SendDataIt)
    VC0_1_2_LVD_IRQHandler                   0x00003b37   Thumb Code    20  interrupts_hc32l07x.o(i.VC0_1_2_LVD_IRQHandler)
    WDT_IRQHandler                           0x00003b4b   Thumb Code     8  interrupts_hc32l07x.o(i.WDT_IRQHandler)
    __ARM_common_switch8                     0x00003bb5   Thumb Code    28  data_process.o(i.__ARM_common_switch8)
    _is_digit                                0x00003c49   Thumb Code    14  __printf_wp.o(i._is_digit)
    alarm_drive                              0x00003c59   Thumb Code    26  app_drive.o(i.alarm_drive)
    broadcast                                0x00003c79   Thumb Code    46  app_csk4002.o(i.broadcast)
    calculate_average                        0x00003cb9   Thumb Code    80  app_drive.o(i.calculate_average)
    calculate_sum                            0x00003d09   Thumb Code    24  app_drive.o(i.calculate_sum)
    create_packet_read                       0x00003d21   Thumb Code    92  app_csk4002.o(i.create_packet_read)
    ddl_memclr                               0x00003d7d   Thumb Code    32  ddl.o(i.ddl_memclr)
    delay10us                                0x00003d9d   Thumb Code    74  ddl.o(i.delay10us)
    delay1ms                                 0x00003df9   Thumb Code    76  ddl.o(i.delay1ms)
    forceUpdateBackground                    0x00003e51   Thumb Code   518  data_process.o(i.forceUpdateBackground)
    has_consecutive_zeros                    0x00004071   Thumb Code    42  app_drive.o(i.has_consecutive_zeros)
    $Super$$main                             0x0000409d   Thumb Code   310  main.o(i.main)
    measurementHandler                       0x00004209   Thumb Code   118  data_process.o(i.measurementHandler)
    processAlphaBetaData                     0x00004295   Thumb Code   132  data_process.o(i.processAlphaBetaData)
    processHighPressureData                  0x00004321   Thumb Code    28  data_process.o(i.processHighPressureData)
    selftest_gpio                            0x00004345   Thumb Code    76  app_drive.o(i.selftest_gpio)
    shift_and_insert                         0x00004391   Thumb Code    24  app_drive.o(i.shift_and_insert)
    smoothBackgroundValues                   0x000043a9   Thumb Code   248  data_process.o(i.smoothBackgroundValues)
    trimEndOfString                          0x000044b1   Thumb Code    44  app_drive.o(i.trimEndOfString)
    updateBackgroundValues                   0x000044dd   Thumb Code   488  data_process.o(i.updateBackgroundValues)
    validateMessageWithLRC                   0x000046d5   Thumb Code    88  app_drive.o(i.validateMessageWithLRC)
    waitForMeasurementObjectLeave            0x0000472d   Thumb Code   136  data_process.o(i.waitForMeasurementObjectLeave)
    _get_lc_ctype                            0x000047b9   Thumb Code    44  lc_ctype_c.o(locale$$code)
    __aeabi_fadd                             0x000047e5   Thumb Code     0  faddsub.o(x$fpl$fadd)
    _fadd                                    0x000047e5   Thumb Code   134  faddsub.o(x$fpl$fadd)
    __aeabi_fsub                             0x00004871   Thumb Code     0  faddsub.o(x$fpl$fsub)
    _fsub                                    0x00004871   Thumb Code   204  faddsub.o(x$fpl$fsub)
    __I$use$fp                               0x00004940   Number         0  usenofp.o(x$fpl$usenofp)
    stop_command                             0x00004940   Data           4  app_csk4002.o(.constdata)
    pause_command                            0x00004944   Data           4  app_csk4002.o(.constdata)
    resume_command                           0x00004948   Data           4  app_csk4002.o(.constdata)
    status_query_command                     0x0000494c   Data           4  app_csk4002.o(.constdata)
    standby_command                          0x00004950   Data           4  app_csk4002.o(.constdata)
    wakeup_command                           0x00004954   Data           4  app_csk4002.o(.constdata)
    set_volume_command                       0x00004958   Data           9  app_csk4002.o(.constdata)
    set_speed_command                        0x00004961   Data           9  app_csk4002.o(.constdata)
    set_pitch_command                        0x0000496a   Data           9  app_csk4002.o(.constdata)
    insert_silence                           0x00004973   Data          12  app_csk4002.o(.constdata)
    set_male_voice                           0x0000497f   Data          10  app_csk4002.o(.constdata)
    set_speaking_style                       0x00004989   Data           9  app_csk4002.o(.constdata)
    reset_settings                           0x00004992   Data           4  app_csk4002.o(.constdata)
    cheshi                                   0x00004996   Data          13  app_csk4002.o(.constdata)
    succeed                                  0x000049a3   Data          13  app_csk4002.o(.constdata)
    ping_fault                               0x000049b0   Data          15  app_csk4002.o(.constdata)
    daohe_fault                              0x000049bf   Data          13  app_csk4002.o(.constdata)
    id_fault                                 0x000049cc   Data          19  app_csk4002.o(.constdata)
    all_fault                                0x000049df   Data          17  app_csk4002.o(.constdata)
    Rebuild_background                       0x000049f0   Data          13  app_csk4002.o(.constdata)
    Contamination_alarms                     0x000049fd   Data         105  app_csk4002.o(.constdata)
    pollutionAlert                           0x00004a66   Data          19  app_csk4002.o(.constdata)
    resetCommand                             0x00004a79   Data          10  app_idm40.o(.constdata)
    statusCheckCommand                       0x00004a83   Data          10  app_idm40.o(.constdata)
    readSAMIDCommand                         0x00004a8d   Data          10  app_idm40.o(.constdata)
    findCardCommand                          0x00004a97   Data          10  app_idm40.o(.constdata)
    selectCardCommand                        0x00004aa1   Data          10  app_idm40.o(.constdata)
    readBasicInfoCommand                     0x00004aab   Data          10  app_idm40.o(.constdata)
    readAdditionalInfoCommand                0x00004ab5   Data          10  app_idm40.o(.constdata)
    setBaudrate115200Command                 0x00004abf   Data          10  app_idm40.o(.constdata)
    selftest_ping                            0x00004ac9   Data           7  app_drive.o(.constdata)
    header                                   0x00004ad0   Data           8  app_drive.o(.constdata)
    Region$$Table$$Base                      0x00004bd8   Number         0  anon$$obj.o(Region$$Table)
    Region$$Table$$Limit                     0x00004bf8   Number         0  anon$$obj.o(Region$$Table)
    __ctype                                  0x00004c05   Data           0  lc_ctype_c.o(locale$$data)
    SystemCoreClock                          0x20000000   Data           4  system_hc32l07x.o(.data)
    PVDevPmtLen                              0x20000008   Data           1  data_process.o(.data)
    DCT                                      0x2000000a   Data           8  data_process.o(.data)
    Par_D                                    0x20000012   Data           6  data_process.o(.data)
    i                                        0x20000018   Data           1  data_process.o(.data)
    flag                                     0x2000001a   Data           1  hc32_it.o(.data)
    number                                   0x2000001c   Data           4  hc32_usart.o(.data)
    number2                                  0x20000020   Data           4  hc32_usart.o(.data)
    countdown_num                            0x20000024   Data           1  hc32_usart.o(.data)
    Uart0_RxData                             0x20000025   Data           1  hc32_usart.o(.data)
    Uart0_RxCnt                              0x20000026   Data           1  hc32_usart.o(.data)
    Uart0_TxDataBufLen                       0x20000027   Data           1  hc32_usart.o(.data)
    Uart0_TxCnt                              0x20000028   Data           1  hc32_usart.o(.data)
    Uart1_RxData                             0x20000029   Data           1  hc32_usart.o(.data)
    Uart1_RxCnt                              0x2000002a   Data           1  hc32_usart.o(.data)
    Uart1_TxDataBufLen                       0x2000002b   Data           1  hc32_usart.o(.data)
    Uart1_TxCnt                              0x2000002c   Data           1  hc32_usart.o(.data)
    Uart2_RxData                             0x2000002d   Data           1  hc32_usart.o(.data)
    Uart2_RxCnt                              0x2000002e   Data           1  hc32_usart.o(.data)
    Uart2_TxDataBufLen                       0x2000002f   Data           1  hc32_usart.o(.data)
    Uart2_TxCnt                              0x20000030   Data           1  hc32_usart.o(.data)
    Uart3_RxData                             0x20000031   Data           1  hc32_usart.o(.data)
    Uart3_RxCnt                              0x20000032   Data           1  hc32_usart.o(.data)
    Uart3_TxDataBufLen                       0x20000033   Data           1  hc32_usart.o(.data)
    Uart3_TxCnt                              0x20000034   Data           1  hc32_usart.o(.data)
    Lp_Uart0_RxData                          0x20000035   Data           1  hc32_usart.o(.data)
    Lp_Uart0_RxCnt                           0x20000036   Data           1  hc32_usart.o(.data)
    Lp_Uart0_TxDataBufLen                    0x20000037   Data           1  hc32_usart.o(.data)
    Lp_Uart0_TxCnt                           0x20000038   Data           1  hc32_usart.o(.data)
    Lp_Uart1_RxData                          0x20000039   Data           1  hc32_usart.o(.data)
    Lp_Uart1_RxCnt                           0x2000003a   Data           1  hc32_usart.o(.data)
    Lp_Uart1_TxDataBufLen                    0x2000003b   Data           1  hc32_usart.o(.data)
    Lp_Uart1_TxCnt                           0x2000003c   Data           1  hc32_usart.o(.data)
    LED_1ms                                  0x20000040   Data           4  hc32_usart.o(.data)
    T0ETR_1ms                                0x20000044   Data           4  hc32_usart.o(.data)
    T1ETR_1ms                                0x20000048   Data           4  hc32_usart.o(.data)
    Uart0_1ms                                0x2000004c   Data           4  hc32_usart.o(.data)
    Uart1_1ms                                0x20000050   Data           4  hc32_usart.o(.data)
    Uart2_1ms                                0x20000054   Data           4  hc32_usart.o(.data)
    Uart3_1ms                                0x20000058   Data           4  hc32_usart.o(.data)
    Lp_Uart0_1ms                             0x2000005c   Data           4  hc32_usart.o(.data)
    Lp_Uart1_1ms                             0x20000060   Data           4  hc32_usart.o(.data)
    Uart0RevEn                               0x20000064   Data           1  hc32_usart.o(.data)
    Uart1RevEn                               0x20000065   Data           1  hc32_usart.o(.data)
    Uart2RevEn                               0x20000066   Data           1  hc32_usart.o(.data)
    Uart3RevEn                               0x20000067   Data           1  hc32_usart.o(.data)
    Lp_Uart0RevEn                            0x20000068   Data           1  hc32_usart.o(.data)
    Lp_Uart1RevEn                            0x20000069   Data           1  hc32_usart.o(.data)
    Uart0Rev_1ms                             0x2000006a   Data           2  hc32_usart.o(.data)
    Uart1Rev_1ms                             0x2000006c   Data           2  hc32_usart.o(.data)
    Uart2Rev_1ms                             0x2000006e   Data           2  hc32_usart.o(.data)
    Uart3Rev_1ms                             0x20000070   Data           2  hc32_usart.o(.data)
    Lp_Uart0Rev_1ms                          0x20000072   Data           2  hc32_usart.o(.data)
    Lp_Uart1Rev_1ms                          0x20000074   Data           2  hc32_usart.o(.data)
    Uart0RevFlag                             0x20000076   Data           1  hc32_usart.o(.data)
    Uart1RevFlag                             0x20000077   Data           1  hc32_usart.o(.data)
    Uart2RevFlag                             0x20000078   Data           1  hc32_usart.o(.data)
    Uart3RevFlag                             0x20000079   Data           1  hc32_usart.o(.data)
    Lp_Uart0RevFlag                          0x2000007a   Data           1  hc32_usart.o(.data)
    Lp_Uart1RevFlag                          0x2000007b   Data           1  hc32_usart.o(.data)
    ScreenCmdNum                             0x2000007c   Data           1  hc32_usart.o(.data)
    ScreenCmdMutex                           0x2000007d   Data           1  hc32_usart.o(.data)
    T0ETR_CntVal                             0x20000080   Data           4  hc32_usart.o(.data)
    T1ETR_CntVal                             0x20000084   Data           4  hc32_usart.o(.data)
    T0ETR_TotalCntVal                        0x20000088   Data           4  hc32_usart.o(.data)
    T1ETR_TotalCntVal                        0x2000008c   Data           4  hc32_usart.o(.data)
    T0ETR_AvgCntVal                          0x20000090   Data           4  hc32_usart.o(.data)
    WarningOff_en                            0x20000094   Data           1  hc32_usart.o(.data)
    ItFlag                                   0x20000095   Data           1  hc32_usart.o(.data)
    LpTim0_OverCnt                           0x20000098   Data           4  hc32_usart.o(.data)
    LpTim1_OverCnt                           0x2000009c   Data           4  hc32_usart.o(.data)
    u16ADTIM5CntValue                        0x200000a0   Data           2  hc32_usart.o(.data)
    u16Capture                               0x200000a2   Data           2  hc32_usart.o(.data)
    cnt                                      0x200000a4   Data           2  hc32_usart.o(.data)
    _1sNum                                   0x200000a6   Data           2  hc32_usart.o(.data)
    GetHighVoltage                           0x200000a8   Data          17  app_xl2409.o(.data)
    SetHighVoltage                           0x200000b9   Data          21  app_xl2409.o(.data)
    GetRemainTime                            0x200000ce   Data          19  app_xl2409.o(.data)
    SetMeasureTime                           0x200000e1   Data          19  app_xl2409.o(.data)
    StopMeasureTime                          0x200000f4   Data          19  app_xl2409.o(.data)
    GetCountValue                            0x20000107   Data          17  app_xl2409.o(.data)
    readCommand                              0x20000118   Data           6  app_drive.o(.data)
    voice_config                             0x2000011e   Data           1  app_drive.o(.data)
    Start_measuring                          0x20000120   Data          16  app_drive.o(.data)
    data_485                                 0x20000130   Data          16  app_drive.o(.data)
    data_485_lp                              0x20000140   Data          16  app_drive.o(.data)
    receive_485                              0x20000150   Data          16  app_drive.o(.data)
    receive_485_lp                           0x20000160   Data          16  app_drive.o(.data)
    selftest_time                            0x20000170   Data          16  app_drive.o(.data)
    alarm_time                               0x20000180   Data          16  app_drive.o(.data)
    pollAlarm                                0x20000190   Data          16  app_drive.o(.data)
    countdown                                0x200001a0   Data          16  app_drive.o(.data)
    measurement_end                          0x200001b0   Data          16  app_drive.o(.data)
    Infrared_detection                       0x200001c0   Data          16  app_drive.o(.data)
    offline                                  0x200001d0   Data          96  app_drive.o(.data)
    state                                    0x20000230   Data           1  app_drive.o(.data)
    Uart0_RxDataBuf                          0x20000234   Data         200  hc32_usart.o(.bss)
    Uart0_TxDataBuf                          0x200002fc   Data         200  hc32_usart.o(.bss)
    Uart1_RxDataBuf                          0x200003c4   Data         400  hc32_usart.o(.bss)
    Uart1_TxDataBuf                          0x20000554   Data         200  hc32_usart.o(.bss)
    Uart2_RxDataBuf                          0x2000061c   Data         200  hc32_usart.o(.bss)
    Uart2_TxDataBuf                          0x200006e4   Data         200  hc32_usart.o(.bss)
    Uart3_RxDataBuf                          0x200007ac   Data         200  hc32_usart.o(.bss)
    Uart3_TxDataBuf                          0x20000874   Data         200  hc32_usart.o(.bss)
    Lp_Uart0_RxDataBuf                       0x2000093c   Data         200  hc32_usart.o(.bss)
    Lp_Uart0_TxDataBuf                       0x20000a04   Data         200  hc32_usart.o(.bss)
    Lp_Uart1_RxDataBuf                       0x20000acc   Data         200  hc32_usart.o(.bss)
    Lp_Uart1_TxDataBuf                       0x20000b94   Data         200  hc32_usart.o(.bss)
    rtc_time                                 0x20000c5c   Data          32  app_drive.o(.bss)
    flag_all                                 0x20000c7c   Data          20  app_drive.o(.bss)
    probe                                    0x20000c90   Data       11908  app_drive.o(.bss)
    time_shezji                              0x20003b14   Data          32  app_drive.o(.bss)
    __libspace_start                         0x20003b54   Data          96  libspace.o(.bss)
    __temporary_stack_top$libspace           0x20003bb4   Data           0  libspace.o(.bss)



==============================================================================

Memory Map of the image

  Image Entry point : 0x000000c1

  Load Region LR_IROM1 (Base: 0x00000000, Size: 0x00004f3c, Max: 0x00020000, ABSOLUTE, COMPRESSED[0x00004d88])

    Execution Region ER_IROM1 (Exec base: 0x00000000, Load base: 0x00000000, Size: 0x00004d08, Max: 0x00020000, ABSOLUTE)

    Exec Addr    Load Addr    Size         Type   Attr      Idx    E Section Name        Object

    0x00000000   0x00000000   0x000000c0   Data   RO            3    RESET               startup_hc32l07x.o
    0x000000c0   0x000000c0   0x00000008   Code   RO         3528  * !!!main             c_p.l(__main.o)
    0x000000c8   0x000000c8   0x0000003c   Code   RO         3934    !!!scatter          c_p.l(__scatter.o)
    0x00000104   0x00000104   0x0000001c   Code   RO         3936    !!handler_zi        c_p.l(__scatter_zi.o)
    0x00000120   0x00000120   0x00000002   Code   RO         3505    .ARM.Collect$$_printf_percent$$00000000  c_p.l(_printf_percent.o)
    0x00000122   0x00000122   0x0000000a   Code   RO         3504    .ARM.Collect$$_printf_percent$$00000009  c_p.l(_printf_d.o)
    0x0000012c   0x0000012c   0x00000004   Code   RO         3576    .ARM.Collect$$_printf_percent$$00000017  c_p.l(_printf_percent_end.o)
    0x00000130   0x00000130   0x00000002   Code   RO         3730    .ARM.Collect$$libinit$$00000000  c_p.l(libinit.o)
    0x00000132   0x00000132   0x00000000   Code   RO         3732    .ARM.Collect$$libinit$$00000002  c_p.l(libinit2.o)
    0x00000132   0x00000132   0x00000000   Code   RO         3734    .ARM.Collect$$libinit$$00000004  c_p.l(libinit2.o)
    0x00000132   0x00000132   0x00000000   Code   RO         3737    .ARM.Collect$$libinit$$0000000A  c_p.l(libinit2.o)
    0x00000132   0x00000132   0x00000000   Code   RO         3739    .ARM.Collect$$libinit$$0000000C  c_p.l(libinit2.o)
    0x00000132   0x00000132   0x00000000   Code   RO         3741    .ARM.Collect$$libinit$$0000000E  c_p.l(libinit2.o)
    0x00000132   0x00000132   0x00000006   Code   RO         3742    .ARM.Collect$$libinit$$0000000F  c_p.l(libinit2.o)
    0x00000138   0x00000138   0x00000000   Code   RO         3744    .ARM.Collect$$libinit$$00000011  c_p.l(libinit2.o)
    0x00000138   0x00000138   0x0000000c   Code   RO         3745    .ARM.Collect$$libinit$$00000012  c_p.l(libinit2.o)
    0x00000144   0x00000144   0x00000000   Code   RO         3746    .ARM.Collect$$libinit$$00000013  c_p.l(libinit2.o)
    0x00000144   0x00000144   0x00000000   Code   RO         3748    .ARM.Collect$$libinit$$00000015  c_p.l(libinit2.o)
    0x00000144   0x00000144   0x00000000   Code   RO         3750    .ARM.Collect$$libinit$$00000017  c_p.l(libinit2.o)
    0x00000144   0x00000144   0x00000000   Code   RO         3752    .ARM.Collect$$libinit$$00000019  c_p.l(libinit2.o)
    0x00000144   0x00000144   0x00000000   Code   RO         3754    .ARM.Collect$$libinit$$0000001B  c_p.l(libinit2.o)
    0x00000144   0x00000144   0x00000000   Code   RO         3756    .ARM.Collect$$libinit$$0000001D  c_p.l(libinit2.o)
    0x00000144   0x00000144   0x00000000   Code   RO         3758    .ARM.Collect$$libinit$$0000001F  c_p.l(libinit2.o)
    0x00000144   0x00000144   0x00000000   Code   RO         3760    .ARM.Collect$$libinit$$00000021  c_p.l(libinit2.o)
    0x00000144   0x00000144   0x00000000   Code   RO         3762    .ARM.Collect$$libinit$$00000023  c_p.l(libinit2.o)
    0x00000144   0x00000144   0x00000000   Code   RO         3764    .ARM.Collect$$libinit$$00000025  c_p.l(libinit2.o)
    0x00000144   0x00000144   0x00000000   Code   RO         3768    .ARM.Collect$$libinit$$0000002C  c_p.l(libinit2.o)
    0x00000144   0x00000144   0x00000000   Code   RO         3770    .ARM.Collect$$libinit$$0000002E  c_p.l(libinit2.o)
    0x00000144   0x00000144   0x00000000   Code   RO         3772    .ARM.Collect$$libinit$$00000030  c_p.l(libinit2.o)
    0x00000144   0x00000144   0x00000000   Code   RO         3774    .ARM.Collect$$libinit$$00000032  c_p.l(libinit2.o)
    0x00000144   0x00000144   0x00000002   Code   RO         3775    .ARM.Collect$$libinit$$00000033  c_p.l(libinit2.o)
    0x00000146   0x00000146   0x00000002   Code   RO         3913    .ARM.Collect$$libshutdown$$00000000  c_p.l(libshutdown.o)
    0x00000148   0x00000148   0x00000000   Code   RO         3777    .ARM.Collect$$libshutdown$$00000002  c_p.l(libshutdown2.o)
    0x00000148   0x00000148   0x00000000   Code   RO         3779    .ARM.Collect$$libshutdown$$00000004  c_p.l(libshutdown2.o)
    0x00000148   0x00000148   0x00000000   Code   RO         3781    .ARM.Collect$$libshutdown$$00000006  c_p.l(libshutdown2.o)
    0x00000148   0x00000148   0x00000000   Code   RO         3784    .ARM.Collect$$libshutdown$$00000009  c_p.l(libshutdown2.o)
    0x00000148   0x00000148   0x00000000   Code   RO         3787    .ARM.Collect$$libshutdown$$0000000C  c_p.l(libshutdown2.o)
    0x00000148   0x00000148   0x00000000   Code   RO         3789    .ARM.Collect$$libshutdown$$0000000E  c_p.l(libshutdown2.o)
    0x00000148   0x00000148   0x00000000   Code   RO         3792    .ARM.Collect$$libshutdown$$00000011  c_p.l(libshutdown2.o)
    0x00000148   0x00000148   0x00000002   Code   RO         3793    .ARM.Collect$$libshutdown$$00000012  c_p.l(libshutdown2.o)
    0x0000014a   0x0000014a   0x00000000   Code   RO         3552    .ARM.Collect$$rtentry$$00000000  c_p.l(__rtentry.o)
    0x0000014a   0x0000014a   0x00000000   Code   RO         3592    .ARM.Collect$$rtentry$$00000002  c_p.l(__rtentry2.o)
    0x0000014a   0x0000014a   0x00000006   Code   RO         3604    .ARM.Collect$$rtentry$$00000004  c_p.l(__rtentry4.o)
    0x00000150   0x00000150   0x00000000   Code   RO         3594    .ARM.Collect$$rtentry$$00000009  c_p.l(__rtentry2.o)
    0x00000150   0x00000150   0x00000004   Code   RO         3595    .ARM.Collect$$rtentry$$0000000A  c_p.l(__rtentry2.o)
    0x00000154   0x00000154   0x00000000   Code   RO         3597    .ARM.Collect$$rtentry$$0000000C  c_p.l(__rtentry2.o)
    0x00000154   0x00000154   0x00000008   Code   RO         3598    .ARM.Collect$$rtentry$$0000000D  c_p.l(__rtentry2.o)
    0x0000015c   0x0000015c   0x00000002   Code   RO         3800    .ARM.Collect$$rtexit$$00000000  c_p.l(rtexit.o)
    0x0000015e   0x0000015e   0x00000000   Code   RO         3856    .ARM.Collect$$rtexit$$00000002  c_p.l(rtexit2.o)
    0x0000015e   0x0000015e   0x00000004   Code   RO         3857    .ARM.Collect$$rtexit$$00000003  c_p.l(rtexit2.o)
    0x00000162   0x00000162   0x00000006   Code   RO         3858    .ARM.Collect$$rtexit$$00000004  c_p.l(rtexit2.o)
    0x00000168   0x00000168   0x00000038   Code   RO         3514    .emb_text           c_p.l(rt_memcpy.o)
    0x000001a0   0x000001a0   0x00000058   Code   RO            4    .text               startup_hc32l07x.o
    0x000001f8   0x000001f8   0x00000038   Code   RO         3451    .text               c_p.l(noretval__2snprintf.o)
    0x00000230   0x00000230   0x0000006c   Code   RO         3459    .text               c_p.l(_printf_dec.o)
    0x0000029c   0x0000029c   0x00000138   Code   RO         3494    .text               c_p.l(__printf_flags_wp.o)
    0x000003d4   0x000003d4   0x00000070   Code   RO         3506    .text               c_p.l(strtol.o)
    0x00000444   0x00000444   0x00000014   Code   RO         3508    .text               c_p.l(strchr.o)
    0x00000458   0x00000458   0x00000044   Code   RO         3512    .text               c_p.l(strlen.o)
    0x0000049c   0x0000049c   0x00000082   Code   RO         3515    .text               c_p.l(rt_memcpy.o)
    0x0000051e   0x0000051e   0x00000096   Code   RO         3518    .text               c_p.l(rt_memmove.o)
    0x000005b4   0x000005b4   0x00000040   Code   RO         3520    .text               c_p.l(rt_memclr.o)
    0x000005f4   0x000005f4   0x0000015a   Code   RO         3522    .text               c_p.l(aeabi_sdiv.o)
    0x0000074e   0x0000074e   0x00000006   Code   RO         3526    .text               c_p.l(heapauxi.o)
    0x00000754   0x00000754   0x0000007c   Code   RO         3530    .text               fz_ps.l(d2f.o)
    0x000007d0   0x000007d0   0x00000448   Code   RO         3532    .text               fz_ps.l(ddiv.o)
    0x00000c18   0x00000c18   0x00000058   Code   RO         3535    .text               fz_ps.l(dflti.o)
    0x00000c70   0x00000c70   0x00000160   Code   RO         3545    .text               fz_ps.l(fdiv.o)
    0x00000dd0   0x00000dd0   0x00000030   Code   RO         3548    .text               fz_ps.l(ffixui.o)
    0x00000e00   0x00000e00   0x0000005e   Code   RO         3550    .text               fz_ps.l(fflti.o)
    0x00000e5e   0x00000e5e   0x00000002   PAD
    0x00000e60   0x00000e60   0x00000010   Code   RO         3553    .text               c_p.l(rt_ctype_table.o)
    0x00000e70   0x00000e70   0x00000008   Code   RO         3562    .text               c_p.l(rt_errno_addr_intlibspace.o)
    0x00000e78   0x00000e78   0x000000b0   Code   RO         3564    .text               c_p.l(_printf_intcommon.o)
    0x00000f28   0x00000f28   0x00000030   Code   RO         3566    .text               c_p.l(_printf_char_common.o)
    0x00000f58   0x00000f58   0x0000000a   Code   RO         3568    .text               c_p.l(_sputc.o)
    0x00000f62   0x00000f62   0x00000010   Code   RO         3570    .text               c_p.l(_snputc.o)
    0x00000f72   0x00000f72   0x000000a6   Code   RO         3577    .text               c_p.l(_strtoul.o)
    0x00001018   0x00001018   0x00000028   Code   RO         3585    .text               c_p.l(rtudiv10.o)
    0x00001040   0x00001040   0x00000008   Code   RO         3588    .text               c_p.l(libspace.o)
    0x00001048   0x00001048   0x00000008   Code   RO         3611    .text               c_p.l(rt_locale_intlibspace.o)
    0x00001050   0x00001050   0x0000001e   Code   RO         3615    .text               c_p.l(_chval.o)
    0x0000106e   0x0000106e   0x0000003e   Code   RO         3641    .text               c_p.l(sys_stackheap_outer.o)
    0x000010ac   0x000010ac   0x00000010   Code   RO         3713    .text               c_p.l(exit.o)
    0x000010bc   0x000010bc   0x00000088   Code   RO         3723    .text               c_p.l(strcmp.o)
    0x00001144   0x00001144   0x00000002   Code   RO         3796    .text               c_p.l(use_no_semi.o)
    0x00001146   0x00001146   0x00000000   Code   RO         3798    .text               c_p.l(indicate_semi.o)
    0x00001146   0x00001146   0x00000002   PAD
    0x00001148   0x00001148   0x0000000c   Code   RO         3853    .text               c_p.l(sys_exit.o)
    0x00001154   0x00001154   0x00000056   Code   RO         3932    .text               c_p.l(__dczerorl2.o)
    0x000011aa   0x000011aa   0x0000000e   Code   RO           12    i.$Sub$$main        system_hc32l07x.o
    0x000011b8   0x000011b8   0x0000000c   Code   RO          105    i.ADC_DAC_IRQHandler  interrupts_hc32l07x.o
    0x000011c4   0x000011c4   0x00000024   Code   RO         1709    i.Adt_CfgIrq        adt.o
    0x000011e8   0x000011e8   0x0000000e   Code   RO         1711    i.Adt_ClearAllIrqFlag  adt.o
    0x000011f6   0x000011f6   0x0000000e   Code   RO         1713    i.Adt_ClearCount    adt.o
    0x00001204   0x00001204   0x00000012   Code   RO         1721    i.Adt_ClearIrqFlag  adt.o
    0x00001216   0x00001216   0x00000008   Code   RO         1739    i.Adt_GetCount      adt.o
    0x0000121e   0x0000121e   0x00000014   Code   RO         1740    i.Adt_GetIrqFlag    adt.o
    0x00001232   0x00001232   0x00000054   Code   RO         1746    i.Adt_Init          adt.o
    0x00001286   0x00001286   0x00000008   Code   RO         1754    i.Adt_SetPeriod     adt.o
    0x0000128e   0x0000128e   0x00000010   Code   RO         1758    i.Adt_StartCount    adt.o
    0x0000129e   0x0000129e   0x00000002   PAD
    0x000012a0   0x000012a0   0x00000064   Code   RO          592    i.App_AdvTimerOvfUdfIrq  hc32_it.o
    0x00001304   0x00001304   0x0000002c   Code   RO         1216    i.App_LED_init      app_led.o
    0x00001330   0x00001330   0x000000c8   Code   RO          598    i.App_LpUartCfg     hc32_it.o
    0x000013f8   0x000013f8   0x00000098   Code   RO          599    i.App_LpUartPortCfg  hc32_it.o
    0x00001490   0x00001490   0x00000106   Code   RO          600    i.App_PortInit      hc32_it.o
    0x00001596   0x00001596   0x0000001c   Code   RO          602    i.App_SysClkInit    hc32_it.o
    0x000015b2   0x000015b2   0x00000002   PAD
    0x000015b4   0x000015b4   0x00000178   Code   RO          603    i.App_UartCfg       hc32_it.o
    0x0000172c   0x0000172c   0x00000036   Code   RO         1217    i.App_alarm_init    app_led.o
    0x00001762   0x00001762   0x0000005c   Code   RO         1219    i.App_clothes_init  app_led.o
    0x000017be   0x000017be   0x00000008   Code   RO          106    i.CAN_IRQHandler    interrupts_hc32l07x.o
    0x000017c6   0x000017c6   0x0000000c   Code   RO          107    i.CLKTRIM_CTS_IRQHandler  interrupts_hc32l07x.o
    0x000017d2   0x000017d2   0x00000008   Code   RO          108    i.DMAC_IRQHandler   interrupts_hc32l07x.o
    0x000017da   0x000017da   0x00000002   PAD
    0x000017dc   0x000017dc   0x0000006c   Code   RO         1096    i.Drive_Init        app_drive.o
    0x00001848   0x00001848   0x00000070   Code   RO          109    i.EnableNvic        interrupts_hc32l07x.o
    0x000018b8   0x000018b8   0x0000000c   Code   RO          110    i.FLASH_RAM_IRQHandler  interrupts_hc32l07x.o
    0x000018c4   0x000018c4   0x0000000c   Code   RO         2103    i.GetBit            ddl.o
    0x000018d0   0x000018d0   0x0000001c   Code   RO         2267    i.Gpio_ClrIO        gpio.o
    0x000018ec   0x000018ec   0x00000018   Code   RO         2272    i.Gpio_GetInputIO   gpio.o
    0x00001904   0x00001904   0x0000009c   Code   RO         2274    i.Gpio_Init         gpio.o
    0x000019a0   0x000019a0   0x00000018   Code   RO         2275    i.Gpio_ReadOutputIO  gpio.o
    0x000019b8   0x000019b8   0x00000014   Code   RO         2276    i.Gpio_SetAfMode    gpio.o
    0x000019cc   0x000019cc   0x0000001c   Code   RO         2279    i.Gpio_SetIO        gpio.o
    0x000019e8   0x000019e8   0x0000001c   Code   RO         2291    i.Gpio_WriteOutputIO  gpio.o
    0x00001a04   0x00001a04   0x00000010   Code   RO          111    i.HardFault_Handler  interrupts_hc32l07x.o
    0x00001a14   0x00001a14   0x00000008   Code   RO          112    i.I2C0_IRQHandler   interrupts_hc32l07x.o
    0x00001a1c   0x00001a1c   0x00000008   Code   RO          113    i.I2C1_IRQHandler   interrupts_hc32l07x.o
    0x00001a24   0x00001a24   0x00000008   Code   RO          114    i.LCD_IRQHandler    interrupts_hc32l07x.o
    0x00001a2c   0x00001a2c   0x0000000c   Code   RO          115    i.LPTIM0_1_IRQHandler  interrupts_hc32l07x.o
    0x00001a38   0x00001a38   0x00000008   Code   RO          116    i.LPUART0_IRQHandler  interrupts_hc32l07x.o
    0x00001a40   0x00001a40   0x00000008   Code   RO          117    i.LPUART1_IRQHandler  interrupts_hc32l07x.o
    0x00001a48   0x00001a48   0x00000016   Code   RO         3261    i.LPUart_ClrStatus  lpuart.o
    0x00001a5e   0x00001a5e   0x00000014   Code   RO         3264    i.LPUart_EnableFunc  lpuart.o
    0x00001a72   0x00001a72   0x00000014   Code   RO         3265    i.LPUart_EnableIrq  lpuart.o
    0x00001a86   0x00001a86   0x00000018   Code   RO         3268    i.LPUart_GetStatus  lpuart.o
    0x00001a9e   0x00001a9e   0x00000002   PAD
    0x00001aa0   0x00001aa0   0x00000098   Code   RO         3271    i.LPUart_Init       lpuart.o
    0x00001b38   0x00001b38   0x00000008   Code   RO         3272    i.LPUart_ReceiveData  lpuart.o
    0x00001b40   0x00001b40   0x00000012   Code   RO         3275    i.LPUart_SendDataIt  lpuart.o
    0x00001b52   0x00001b52   0x00000002   PAD
    0x00001b54   0x00001b54   0x000000f0   Code   RO          443    i.LP_Uart0_RevDataProcess  data_process.o
    0x00001c44   0x00001c44   0x00000028   Code   RO          722    i.LpTim0_IRQHandler  hc32_usart.o
    0x00001c6c   0x00001c6c   0x00000028   Code   RO          723    i.LpTim1_IRQHandler  hc32_usart.o
    0x00001c94   0x00001c94   0x000000d4   Code   RO          724    i.LpUart0_IRQHandler  hc32_usart.o
    0x00001d68   0x00001d68   0x000000a0   Code   RO          725    i.LpUart1_IRQHandler  hc32_usart.o
    0x00001e08   0x00001e08   0x000000ec   Code   RO          444    i.Lp_Uart0_SendData  data_process.o
    0x00001ef4   0x00001ef4   0x00000012   Code   RO         2462    i.Lptim_ClrItStatus  lptim.o
    0x00001f06   0x00001f06   0x00000010   Code   RO         2465    i.Lptim_GetItStatus  lptim.o
    0x00001f16   0x00001f16   0x00000008   Code   RO          118    i.PCA_IRQHandler    interrupts_hc32l07x.o
    0x00001f1e   0x00001f1e   0x00000008   Code   RO          119    i.PCNT_IRQHandler   interrupts_hc32l07x.o
    0x00001f26   0x00001f26   0x00000008   Code   RO          120    i.PORTA_IRQHandler  interrupts_hc32l07x.o
    0x00001f2e   0x00001f2e   0x00000008   Code   RO          121    i.PORTB_IRQHandler  interrupts_hc32l07x.o
    0x00001f36   0x00001f36   0x0000000c   Code   RO          122    i.PORTC_E_IRQHandler  interrupts_hc32l07x.o
    0x00001f42   0x00001f42   0x0000000c   Code   RO          123    i.PORTD_F_IRQHandler  interrupts_hc32l07x.o
    0x00001f4e   0x00001f4e   0x00000008   Code   RO          124    i.RTC_IRQHandler    interrupts_hc32l07x.o
    0x00001f56   0x00001f56   0x00000002   PAD
    0x00001f58   0x00001f58   0x00000014   Code   RO         2805    i.Rtc_ClearPrdfItStatus  rtc.o
    0x00001f6c   0x00001f6c   0x00000010   Code   RO         2810    i.Rtc_GetPridItStatus  rtc.o
    0x00001f7c   0x00001f7c   0x00000018   Code   RO          606    i.Rtc_IRQHandler    hc32_it.o
    0x00001f94   0x00001f94   0x0000000c   Code   RO          125    i.SPI0_I2S0_IRQHandler  interrupts_hc32l07x.o
    0x00001fa0   0x00001fa0   0x0000000c   Code   RO          126    i.SPI1_I2S1_IRQHandler  interrupts_hc32l07x.o
    0x00001fac   0x00001fac   0x00000060   Code   RO         1098    i.Self_broadcast    app_drive.o
    0x0000200c   0x0000200c   0x000002d8   Code   RO         1099    i.Self_test         app_drive.o
    0x000022e4   0x000022e4   0x0000001e   Code   RO         2105    i.SetBit            ddl.o
    0x00002302   0x00002302   0x00000008   Code   RO          127    i.SysTick_Handler   interrupts_hc32l07x.o
    0x0000230a   0x0000230a   0x0000006a   Code   RO         2507    i.Sysctrl_ClkInit   sysctrl.o
    0x00002374   0x00002374   0x000001b4   Code   RO         2508    i.Sysctrl_ClkSourceEnable  sysctrl.o
    0x00002528   0x00002528   0x00000174   Code   RO         2509    i.Sysctrl_GetHClkFreq  sysctrl.o
    0x0000269c   0x0000269c   0x00000020   Code   RO         2510    i.Sysctrl_GetPClkFreq  sysctrl.o
    0x000026bc   0x000026bc   0x00000028   Code   RO         2513    i.Sysctrl_SetHCLKDiv  sysctrl.o
    0x000026e4   0x000026e4   0x00000028   Code   RO         2514    i.Sysctrl_SetPCLKDiv  sysctrl.o
    0x0000270c   0x0000270c   0x00000024   Code   RO         2516    i.Sysctrl_SetPLLStableTime  sysctrl.o
    0x00002730   0x00002730   0x00000038   Code   RO         2517    i.Sysctrl_SetPeripheralGate  sysctrl.o
    0x00002768   0x00002768   0x00000024   Code   RO         2519    i.Sysctrl_SetRCLStableTime  sysctrl.o
    0x0000278c   0x0000278c   0x00000020   Code   RO         2523    i.Sysctrl_SetXTHStableTime  sysctrl.o
    0x000027ac   0x000027ac   0x00000020   Code   RO         2524    i.Sysctrl_SetXTLStableTime  sysctrl.o
    0x000027cc   0x000027cc   0x0000002c   Code   RO         2525    i.Sysctrl_SysClkSwitch  sysctrl.o
    0x000027f8   0x000027f8   0x0000001c   Code   RO         2528    i.Sysctrl_XTHDriverCfg  sysctrl.o
    0x00002814   0x00002814   0x00000034   Code   RO         2529    i.Sysctrl_XTLDriverCfg  sysctrl.o
    0x00002848   0x00002848   0x00000010   Code   RO           13    i.SystemCoreClockUpdate  system_hc32l07x.o
    0x00002858   0x00002858   0x00000040   Code   RO           14    i.SystemInit        system_hc32l07x.o
    0x00002898   0x00002898   0x00000008   Code   RO          128    i.TIM0_IRQHandler   interrupts_hc32l07x.o
    0x000028a0   0x000028a0   0x00000008   Code   RO          129    i.TIM1_IRQHandler   interrupts_hc32l07x.o
    0x000028a8   0x000028a8   0x00000008   Code   RO          130    i.TIM2_IRQHandler   interrupts_hc32l07x.o
    0x000028b0   0x000028b0   0x00000008   Code   RO          131    i.TIM3_IRQHandler   interrupts_hc32l07x.o
    0x000028b8   0x000028b8   0x00000008   Code   RO          132    i.TIM4_IRQHandler   interrupts_hc32l07x.o
    0x000028c0   0x000028c0   0x00000008   Code   RO          133    i.TIM5_IRQHandler   interrupts_hc32l07x.o
    0x000028c8   0x000028c8   0x00000008   Code   RO          134    i.TIM6_IRQHandler   interrupts_hc32l07x.o
    0x000028d0   0x000028d0   0x000004ac   Code   RO          726    i.Tim5_IRQHandler   hc32_usart.o
    0x00002d7c   0x00002d7c   0x0000000c   Code   RO          135    i.UART0_2_IRQHandler  interrupts_hc32l07x.o
    0x00002d88   0x00002d88   0x0000000c   Code   RO          136    i.UART1_3_IRQHandler  interrupts_hc32l07x.o
    0x00002d94   0x00002d94   0x00000008   Code   RO          137    i.USBFS_IRQHandler  interrupts_hc32l07x.o
    0x00002d9c   0x00002d9c   0x000000a4   Code   RO          727    i.Uart0_IRQHandler  hc32_usart.o
    0x00002e40   0x00002e40   0x00000098   Code   RO          446    i.Uart0_SendData    data_process.o
    0x00002ed8   0x00002ed8   0x000000d0   Code   RO          728    i.Uart1_IRQHandler  hc32_usart.o
    0x00002fa8   0x00002fa8   0x000000ec   Code   RO          447    i.Uart1_RevDataProcess  data_process.o
    0x00003094   0x00003094   0x000000ec   Code   RO          448    i.Uart1_SendData    data_process.o
    0x00003180   0x00003180   0x000000a8   Code   RO          729    i.Uart2_IRQHandler  hc32_usart.o
    0x00003228   0x00003228   0x000005c8   Code   RO          450    i.Uart2_SendData    data_process.o
    0x000037f0   0x000037f0   0x000000a8   Code   RO          730    i.Uart3_IRQHandler  hc32_usart.o
    0x00003898   0x00003898   0x00000198   Code   RO          452    i.Uart3_SendData    data_process.o
    0x00003a30   0x00003a30   0x00000016   Code   RO         2671    i.Uart_ClrStatus    uart.o
    0x00003a46   0x00003a46   0x00000014   Code   RO         2674    i.Uart_EnableFunc   uart.o
    0x00003a5a   0x00003a5a   0x00000014   Code   RO         2675    i.Uart_EnableIrq    uart.o
    0x00003a6e   0x00003a6e   0x00000018   Code   RO         2678    i.Uart_GetStatus    uart.o
    0x00003a86   0x00003a86   0x00000002   PAD
    0x00003a88   0x00003a88   0x00000094   Code   RO         2681    i.Uart_Init         uart.o
    0x00003b1c   0x00003b1c   0x00000008   Code   RO         2682    i.Uart_ReceiveData  uart.o
    0x00003b24   0x00003b24   0x00000012   Code   RO         2683    i.Uart_SendDataIt   uart.o
    0x00003b36   0x00003b36   0x00000014   Code   RO          138    i.VC0_1_2_LVD_IRQHandler  interrupts_hc32l07x.o
    0x00003b4a   0x00003b4a   0x00000008   Code   RO          139    i.WDT_IRQHandler    interrupts_hc32l07x.o
    0x00003b52   0x00003b52   0x00000002   PAD
    0x00003b54   0x00003b54   0x00000048   Code   RO           15    i._InitHidePin      system_hc32l07x.o
    0x00003b9c   0x00003b9c   0x00000018   Code   RO         2530    i._SysctrlUnlock    sysctrl.o
    0x00003bb4   0x00003bb4   0x0000001c   Code   RO          569    i.__ARM_common_switch8  data_process.o
    0x00003bd0   0x00003bd0   0x00000078   Code   RO          140    i.__NVIC_SetPriority  interrupts_hc32l07x.o
    0x00003c48   0x00003c48   0x0000000e   Code   RO         3492    i._is_digit         c_p.l(__printf_wp.o)
    0x00003c56   0x00003c56   0x00000002   PAD
    0x00003c58   0x00003c58   0x00000020   Code   RO         1100    i.alarm_drive       app_drive.o
    0x00003c78   0x00003c78   0x00000040   Code   RO         1011    i.broadcast         app_csk4002.o
    0x00003cb8   0x00003cb8   0x00000050   Code   RO         1101    i.calculate_average  app_drive.o
    0x00003d08   0x00003d08   0x00000018   Code   RO         1102    i.calculate_sum     app_drive.o
    0x00003d20   0x00003d20   0x0000005c   Code   RO         1012    i.create_packet_read  app_csk4002.o
    0x00003d7c   0x00003d7c   0x00000020   Code   RO         2106    i.ddl_memclr        ddl.o
    0x00003d9c   0x00003d9c   0x0000005c   Code   RO         2108    i.delay10us         ddl.o
    0x00003df8   0x00003df8   0x00000058   Code   RO         2109    i.delay1ms          ddl.o
    0x00003e50   0x00003e50   0x00000220   Code   RO          454    i.forceUpdateBackground  data_process.o
    0x00004070   0x00004070   0x0000002a   Code   RO         1104    i.has_consecutive_zeros  app_drive.o
    0x0000409a   0x0000409a   0x00000002   PAD
    0x0000409c   0x0000409c   0x0000016c   Code   RO          341    i.main              main.o
    0x00004208   0x00004208   0x0000008c   Code   RO          455    i.measurementHandler  data_process.o
    0x00004294   0x00004294   0x0000008c   Code   RO          456    i.processAlphaBetaData  data_process.o
    0x00004320   0x00004320   0x00000024   Code   RO          457    i.processHighPressureData  data_process.o
    0x00004344   0x00004344   0x0000004c   Code   RO         1106    i.selftest_gpio     app_drive.o
    0x00004390   0x00004390   0x00000018   Code   RO         1107    i.shift_and_insert  app_drive.o
    0x000043a8   0x000043a8   0x00000108   Code   RO          458    i.smoothBackgroundValues  data_process.o
    0x000044b0   0x000044b0   0x0000002c   Code   RO         1108    i.trimEndOfString   app_drive.o
    0x000044dc   0x000044dc   0x000001f8   Code   RO          459    i.updateBackgroundValues  data_process.o
    0x000046d4   0x000046d4   0x00000058   Code   RO         1109    i.validateMessageWithLRC  app_drive.o
    0x0000472c   0x0000472c   0x0000008c   Code   RO          460    i.waitForMeasurementObjectLeave  data_process.o
    0x000047b8   0x000047b8   0x0000002c   Code   RO         3632    locale$$code        c_p.l(lc_ctype_c.o)
    0x000047e4   0x000047e4   0x0000008c   Code   RO         3539    x$fpl$fadd          fz_ps.l(faddsub.o)
    0x00004870   0x00004870   0x000000d0   Code   RO         3541    x$fpl$fsub          fz_ps.l(faddsub.o)
    0x00004940   0x00004940   0x00000000   Code   RO         3587    x$fpl$usenofp       fz_ps.l(usenofp.o)
    0x00004940   0x00004940   0x00000139   Data   RO         1013    .constdata          app_csk4002.o
    0x00004a79   0x00004a79   0x00000050   Data   RO         1048    .constdata          app_idm40.o
    0x00004ac9   0x00004ac9   0x0000000f   Data   RO         1111    .constdata          app_drive.o
    0x00004ad8   0x00004ad8   0x00000018   Data   RO         2531    .constdata          sysctrl.o
    0x00004af0   0x00004af0   0x00000008   Data   RO         2689    .constdata          uart.o
    0x00004af8   0x00004af8   0x0000000c   Data   RO         3280    .constdata          lpuart.o
    0x00004b04   0x00004b04   0x00000011   Data   RO         3495    .constdata          c_p.l(__printf_flags_wp.o)
    0x00004b15   0x00004b15   0x00000080   Data   RO         3533    .constdata          fz_ps.l(ddiv.o)
    0x00004b95   0x00004b95   0x00000040   Data   RO         3546    .constdata          fz_ps.l(fdiv.o)
    0x00004bd5   0x00004bd5   0x00000003   PAD
    0x00004bd8   0x00004bd8   0x00000020   Data   RO         3930    Region$$Table       anon$$obj.o
    0x00004bf8   0x00004bf8   0x00000110   Data   RO         3631    locale$$data        c_p.l(lc_ctype_c.o)


    Execution Region RW_IRAM1 (Exec base: 0x20000000, Load base: 0x00004d08, Size: 0x00003fb8, Max: 0x00004000, ABSOLUTE, COMPRESSED[0x00000080])

    Exec Addr    Load Addr    Size         Type   Attr      Idx    E Section Name        Object

    0x20000000   COMPRESSED   0x00000004   Data   RW           16    .data               system_hc32l07x.o
    0x20000004   COMPRESSED   0x00000016   Data   RW          462    .data               data_process.o
    0x2000001a   COMPRESSED   0x00000001   Data   RW          607    .data               hc32_it.o
    0x2000001b   COMPRESSED   0x00000001   PAD
    0x2000001c   COMPRESSED   0x0000008c   Data   RW          732    .data               hc32_usart.o
    0x200000a8   COMPRESSED   0x00000070   Data   RW         1082    .data               app_xl2409.o
    0x20000118   COMPRESSED   0x0000011a   Data   RW         1112    .data               app_drive.o
    0x20000232   COMPRESSED   0x00000002   PAD
    0x20000234        -       0x00000a28   Zero   RW          731    .bss                hc32_usart.o
    0x20000c5c        -       0x00002ef6   Zero   RW         1110    .bss                app_drive.o
    0x20003b52   COMPRESSED   0x00000002   PAD
    0x20003b54        -       0x00000060   Zero   RW         3589    .bss                c_p.l(libspace.o)
    0x20003bb4   COMPRESSED   0x00000004   PAD
    0x20003bb8        -       0x00000200   Zero   RW            2    HEAP                startup_hc32l07x.o
    0x20003db8        -       0x00000200   Zero   RW            1    STACK               startup_hc32l07x.o


==============================================================================

Image component sizes


      Code (inc. data)   RO Data    RW Data    ZI Data      Debug   Object Name

       218          0          0          0          0       5927   adt.o
       156         26        313          0          0       3204   app_csk4002.o
      1342        112         15        282      12022      12200   app_drive.o
         0          0         80          0          0       1955   app_idm40.o
       190          0          0          0          0       1387   app_led.o
         0          0          0        112          0        831   app_xl2409.o
      4784        444          0         22          0      13185   data_process.o
       254         30          0          0          0       3234   ddl.o
       308         44          0          0          0       4678   gpio.o
      1142         36          0          1          0       4318   hc32_it.o
      2356        356          0        140       2600       9494   hc32_usart.o
       564         18          0          0          0      26543   interrupts_hc32l07x.o
        34          0          0          0          0       1432   lptim.o
       264          4         12          0          0       4808   lpuart.o
       364         54          0          0          0      15071   main.o
        36         10          0          0          0        986   rtc.o
        88         40        192          0       1024        624   startup_hc32l07x.o
      1366        112         24          0          0      10555   sysctrl.o
       166         24          0          4          0     172052   system_hc32l07x.o
       260          4          8          0          0       4722   uart.o

    ----------------------------------------------------------------------
     13910       1314        676        564      15648     297206   Object Totals
         0          0         32          0          0          0   (incl. Generated)
        18          0          0          3          2          0   (incl. Padding)

    ----------------------------------------------------------------------

      Code (inc. data)   RO Data    RW Data    ZI Data      Debug   Library Member Name

        86          0          0          0          0          0   __dczerorl2.o
         8          0          0          0          0         68   __main.o
       312          6         17          0          0         76   __printf_flags_wp.o
        14          0          0          0          0         60   __printf_wp.o
         0          0          0          0          0          0   __rtentry.o
        12          0          0          0          0          0   __rtentry2.o
         6          0          0          0          0          0   __rtentry4.o
        60          8          0          0          0          0   __scatter.o
        28          0          0          0          0          0   __scatter_zi.o
        30          0          0          0          0         60   _chval.o
        48          6          0          0          0         88   _printf_char_common.o
        10          0          0          0          0          0   _printf_d.o
       108         18          0          0          0         76   _printf_dec.o
       176          0          0          0          0         84   _printf_intcommon.o
         2          0          0          0          0          0   _printf_percent.o
         4          0          0          0          0          0   _printf_percent_end.o
        16          0          0          0          0         60   _snputc.o
        10          0          0          0          0         60   _sputc.o
       166          0          0          0          0         84   _strtoul.o
       346          0          0          0          0         92   aeabi_sdiv.o
        16          0          0          0          0         68   exit.o
         6          0          0          0          0        136   heapauxi.o
         0          0          0          0          0          0   indicate_semi.o
        44         10        272          0          0         76   lc_ctype_c.o
         2          0          0          0          0          0   libinit.o
        20          0          0          0          0          0   libinit2.o
         2          0          0          0          0          0   libshutdown.o
         2          0          0          0          0          0   libshutdown2.o
         8          4          0          0         96         68   libspace.o
        56          6          0          0          0         84   noretval__2snprintf.o
        16          4          0          0          0         76   rt_ctype_table.o
         8          4          0          0          0         68   rt_errno_addr_intlibspace.o
         8          4          0          0          0         68   rt_locale_intlibspace.o
        64          0          0          0          0        108   rt_memclr.o
       186          0          0          0          0        144   rt_memcpy.o
       150          0          0          0          0        104   rt_memmove.o
         2          0          0          0          0          0   rtexit.o
        10          0          0          0          0          0   rtexit2.o
        40          0          0          0          0         60   rtudiv10.o
        20          0          0          0          0         60   strchr.o
       136          4          0          0          0         72   strcmp.o
        68          6          0          0          0         72   strlen.o
       112          4          0          0          0         76   strtol.o
        12          4          0          0          0         60   sys_exit.o
        62          0          0          0          0         80   sys_stackheap_outer.o
         2          0          0          0          0         68   use_no_semi.o
       124          4          0          0          0         72   d2f.o
      1096         26        128          0          0        112   ddiv.o
        88          0          0          0          0         92   dflti.o
       348          8          0          0          0        160   faddsub.o
       352         10         64          0          0         92   fdiv.o
        48          0          0          0          0         60   ffixui.o
        94          0          0          0          0         92   fflti.o
         0          0          0          0          0          0   usenofp.o

    ----------------------------------------------------------------------
      4650        136        484          0        100       3036   Library Totals
         6          0          3          0          4          0   (incl. Padding)

    ----------------------------------------------------------------------

      Code (inc. data)   RO Data    RW Data    ZI Data      Debug   Library Name

      2494         88        289          0         96       2356   c_p.l
      2150         48        192          0          0        680   fz_ps.l

    ----------------------------------------------------------------------
      4650        136        484          0        100       3036   Library Totals

    ----------------------------------------------------------------------

==============================================================================


      Code (inc. data)   RO Data    RW Data    ZI Data      Debug   

     18560       1450       1160        564      15748     292566   Grand Totals
     18560       1450       1160        128      15748     292566   ELF Image Totals (compressed)
     18560       1450       1160        128          0          0   ROM Totals

==============================================================================

    Total RO  Size (Code + RO Data)                19720 (  19.26kB)
    Total RW  Size (RW Data + ZI Data)             16312 (  15.93kB)
    Total ROM Size (Code + RO Data + RW Data)      19848 (  19.38kB)

==============================================================================

