<html>
<body>
<pre>
<h1>µVision Build Log</h1>
<h2>Tool Versions:</h2>
IDE-Version: ¶ÃVision V5.36.0.0
Copyright (C) 2021 ARM Ltd and ARM Germany GmbH. All rights reserved.
License Information: zndx 1256856322@qq.com, y, LIC=8VRJ7-E544A-CX3U6-DYU0W-ALN25-U3CTQ
 
Tool Versions:
Toolchain:       MDK-ARM Plus  Version: 5.36.0.0
Toolchain Path:  D:\MCU Keil\ARM\ARMCC\Bin
C Compiler:      Armcc.exe V5.06 update 7 (build 960)
Assembler:       Armasm.exe V5.06 update 7 (build 960)
Linker/Locator:  ArmLink.exe V5.06 update 7 (build 960)
Library Manager: ArmAr.exe V5.06 update 7 (build 960)
Hex Converter:   FromElf.exe V5.06 update 7 (build 960)
CPU DLL:         SARMCM3.DLL V5.36.0.0
Dialog DLL:      DARMCM1.DLL V1.19.4.0
Target DLL:      STLink\ST-LINKIII-KEIL_SWO.dll V3.0.9.0
Dialog DLL:      TARMCM1.DLL V1.14.4.0
 
<h2>Project:</h2>
D:\ ÷Ω≈’¥Œ€“«∆˜¥˙¬Î_20241113\MDK\lpt_cnt.uvprojx
Project File Date:  11/14/2024

<h2>Output:</h2>
*** Using Compiler 'V5.06 update 7 (build 960)', folder: 'D:\MCU Keil\ARM\ARMCC\Bin'
Build target 'lpt_cnt_Release'
compiling main.c...
linking...
.\output\release\lpt_cnt.axf: Warning: L6914W: option rwpi ignored when using --scatter.
Program Size: Code=18560 RO-data=1160 RW-data=564 ZI-data=15748  
Finished: 0 information, 1 warning and 0 error messages.
FromELF: creating hex file...
".\output\release\lpt_cnt.axf" - 0 Error(s), 1 Warning(s).

<h2>Software Packages used:</h2>

Package Vendor: ARM
                http://www.keil.com/pack/ARM.CMSIS.5.8.0.pack
                ARM.CMSIS.5.8.0
                CMSIS (Common Microcontroller Software Interface Standard)
   * Component: CORE Version: 5.5.0

Package Vendor: HDSC
                https://raw.githubusercontent.com/hdscmcu/pack/master/HDSC.HC32L07X.1.1.0.pack
                HDSC.HC32L07X.1.1.0
                HC32L07X ARM Cortex-M0+ Device Family Pack

<h2>Collection of Component include folders:</h2>
  .\RTE\_lpt_cnt_Release
  D:\MCU Keil\ARM\CMSIS\5.8.0\CMSIS\Core\Include
  D:\MCU Keil\HDSC\HC32L07X\1.1.0\Device\Include

<h2>Collection of Component Files used:</h2>

   * Component: ARM::CMSIS:CORE:5.5.0
Build Time Elapsed:  00:00:02
</pre>
</body>
</html>
